ARM Linker, 5.03 [Build 76] [MDK-ARM Lite]

==============================================================================

Section Cross References

    startup.o(STACK) refers (Special) to heapauxi.o(.text) for __use_two_region_memory
    startup.o(HEAP) refers (Special) to heapauxi.o(.text) for __use_two_region_memory
    startup.o(RESET) refers (Special) to heapauxi.o(.text) for __use_two_region_memory
    startup.o(RESET) refers to startup.o(STACK) for StackMem
    startup.o(RESET) refers to adc.o(i.ADC0Seq3_Handler) for ADC0Seq3_Handler
    startup.o(RESET) refers to timer.o(i.Timer0A_Handler) for Timer0A_Handler
    startup.o(RESET) refers to timer.o(i.Timer0B_Handler) for Timer0B_Handler
    startup.o(RESET) refers to timer.o(i.Timer1A_Handler) for Timer1A_Handler
    startup.o(RESET) refers to timer.o(i.Timer1B_Handler) for Timer1B_Handler
    startup.o(RESET) refers to inputcapture.o(i.Timer2A_Handler) for Timer2A_Handler
    startup.o(RESET) refers to timer.o(i.Timer3A_Handler) for Timer3A_Handler
    startup.o(RESET) refers to timer.o(i.Timer3B_Handler) for Timer3B_Handler
    startup.o(RESET) refers to can0.o(i.CAN0_Handler) for CAN0_Handler
    startup.o(RESET) refers to timer.o(i.Timer4A_Handler) for Timer4A_Handler
    startup.o(RESET) refers to timer.o(i.Timer4B_Handler) for Timer4B_Handler
    startup.o(RESET) refers to timer.o(i.Timer5A_Handler) for Timer5A_Handler
    startup.o(RESET) refers to timer.o(i.Timer5B_Handler) for Timer5B_Handler
    startup.o(RESET) refers to __main.o(!!!main) for __main
    startup.o(.text) refers (Special) to heapauxi.o(.text) for __use_two_region_memory
    startup.o(.text) refers to startup.o(HEAP) for HeapMem
    startup.o(.text) refers to startup.o(STACK) for StackMem
    inputoutput.o(i.getSensorValues) refers to can0.o(.data) for Mailbox
    inputoutput.o(i.getSensorValues) refers to inputoutput.o(.data) for Ping1
    inputoutput.o(i.main) refers to pll.o(i.PLL_Init) for PLL_Init
    inputoutput.o(i.main) refers to st7735.o(i.Output_Init) for Output_Init
    inputoutput.o(i.main) refers to can0.o(i.CAN0_Open) for CAN0_Open
    inputoutput.o(i.main) refers to pwm.o(i.InitMotors) for InitMotors
    inputoutput.o(i.main) refers to inputoutput.o(i.getSensorValues) for getSensorValues
    inputoutput.o(i.main) refers to pwm.o(i.ControlMotors) for ControlMotors
    inputoutput.o(i.main) refers to st7735.o(i.ST7735_SetCursor) for ST7735_SetCursor
    inputoutput.o(i.main) refers to st7735.o(i.ST7735_OutString) for ST7735_OutString
    inputoutput.o(i.main) refers to inputoutput.o(i.printSensorValues) for printSensorValues
    inputoutput.o(i.main) refers to inputoutput.o(.data) for Ping1
    inputoutput.o(i.printSensorValues) refers to st7735.o(i.ST7735_SetCursor) for ST7735_SetCursor
    inputoutput.o(i.printSensorValues) refers to st7735.o(i.ST7735_OutUDec) for ST7735_OutUDec
    inputoutput.o(i.printSensorValues) refers to st7735.o(i.ST7735_OutString) for ST7735_OutString
    inputoutput.o(i.printSensorValues) refers to inputoutput.o(.data) for Ping1
    adc.o(i.ADC0Seq3_Handler) refers to startup.o(.text) for StartCritical
    adc.o(i.ADC0Seq3_Handler) refers to adc.o(.data) for ADC_Task
    adc.o(i.ADC_Collect) refers to startup.o(.text) for DisableInterrupts
    adc.o(i.ADC_Collect) refers to adc.o(.data) for ADC_Task
    adc.o(i.ADC_Open) refers to startup.o(.text) for StartCritical
    adc.o(i.ADC_Status) refers to adc.o(.data) for Status
    can0.o(i.CAN0_CheckMail) refers to can0.o(.data) for MailFlag
    can0.o(i.CAN0_GetMail) refers to can0.o(.data) for MailFlag
    can0.o(i.CAN0_GetMailNonBlock) refers to can0.o(.data) for MailFlag
    can0.o(i.CAN0_Handler) refers to can.o(i.CANIntStatus) for CANIntStatus
    can0.o(i.CAN0_Handler) refers to can.o(i.CANStatusGet) for CANStatusGet
    can0.o(i.CAN0_Handler) refers to can.o(i.CANMessageGet) for CANMessageGet
    can0.o(i.CAN0_Handler) refers to can.o(i.CANIntClear) for CANIntClear
    can0.o(i.CAN0_Handler) refers to can0.o(.data) for Mailbox
    can0.o(i.CAN0_Open) refers to startup.o(.text) for StartCritical
    can0.o(i.CAN0_Open) refers to can.o(i.CANInit) for CANInit
    can0.o(i.CAN0_Open) refers to can.o(i.CANBitRateSet) for CANBitRateSet
    can0.o(i.CAN0_Open) refers to can.o(i.CANEnable) for CANEnable
    can0.o(i.CAN0_Open) refers to can.o(i.CANIntEnable) for CANIntEnable
    can0.o(i.CAN0_Open) refers to can0.o(i.CAN0_Setup_Message_Object) for CAN0_Setup_Message_Object
    can0.o(i.CAN0_Open) refers to can0.o(.data) for MailFlag
    can0.o(i.CAN0_Setup_Message_Object) refers to can.o(i.CANMessageSet) for CANMessageSet
    can.o(i.CANBitRateSet) refers to can.o(i.CANRegRead) for CANRegRead
    can.o(i.CANBitRateSet) refers to can.o(i.CANRegWrite) for CANRegWrite
    can.o(i.CANBitRateSet) refers to can.o(.constdata) for g_usCANBitValues
    can.o(i.CANDataRegRead) refers to can.o(i.CANRegRead) for CANRegRead
    can.o(i.CANDataRegWrite) refers to can.o(i.CANRegWrite) for CANRegWrite
[...]
    maincan.o(i.CANmain) refers to maincan.o(i.UserTask) for UserTask
    maincan.o(i.CANmain) refers to maincan.o(.data) for RcvData
    maincan.o(i.UserTask) refers to can0.o(i.CAN0_SendData) for CAN0_SendData
    maincan.o(i.UserTask) refers to maincan.o(.data) for XmtData
    pwm.o(i.ControlMotors) refers to pwm.o(i.RightMotorForward) for RightMotorForward
    pwm.o(i.ControlMotors) refers to pwm.o(i.PWM0B_Duty) for PWM0B_Duty
    pwm.o(i.ControlMotors) refers to pwm.o(i.RightMotorBackward) for RightMotorBackward
    pwm.o(i.ControlMotors) refers to pwm.o(i.LeftMotorForward) for LeftMotorForward
    pwm.o(i.ControlMotors) refers to pwm.o(i.PWM0A_Duty) for PWM0A_Duty
    pwm.o(i.ControlMotors) refers to pwm.o(i.LeftMotorBackward) for LeftMotorBackward
    pwm.o(i.InitMotorDirection) refers to pwm.o(i.RightMotorForward) for RightMotorForward
    pwm.o(i.InitMotorDirection) refers to pwm.o(i.LeftMotorForward) for LeftMotorForward
    pwm.o(i.InitMotors) refers to pwm.o(i.PortB_Init) for PortB_Init
    pwm.o(i.InitMotors) refers to pwm.o(i.GPIO_PortF_Init) for GPIO_PortF_Init
    pwm.o(i.InitMotors) refers to pwm.o(i.InitMotorDirection) for InitMotorDirection
    pwm.o(i.InitMotors) refers to pwm.o(i.PWM0A_Init) for PWM0A_Init
    pwm.o(i.InitMotors) refers to pwm.o(i.PWM0B_Init) for PWM0B_Init
    st7735.o(i.Output_Clear) refers to st7735.o(i.ST7735_FillScreen) for ST7735_FillScreen
    st7735.o(i.Output_Color) refers to st7735.o(i.ST7735_SetTextColor) for ST7735_SetTextColor
    st7735.o(i.Output_Init) refers to st7735.o(i.ST7735_InitR) for ST7735_InitR
    st7735.o(i.Output_Init) refers to st7735.o(i.ST7735_FillScreen) for ST7735_FillScreen
    st7735.o(i.Output_Off) refers to st7735.o(i.Output_Clear) for Output_Clear
    st7735.o(i.Output_On) refers to st7735.o(i.Output_Init) for Output_Init
    st7735.o(i.ST7735_DrawBitmap) refers to st7735.o(i.setAddrWindow) for setAddrWindow
    st7735.o(i.ST7735_DrawBitmap) refers to st7735.o(i.writedata) for writedata
    st7735.o(i.ST7735_DrawBitmap) refers to st7735.o(.data) for _width
    st7735.o(i.ST7735_DrawChar) refers to st7735.o(i.setAddrWindow) for setAddrWindow
    st7735.o(i.ST7735_DrawChar) refers to st7735.o(i.pushColor) for pushColor
    st7735.o(i.ST7735_DrawChar) refers to st7735.o(.data) for _width
    st7735.o(i.ST7735_DrawChar) refers to st7735.o(.constdata) for Font
    st7735.o(i.ST7735_DrawCharS) refers to st7735.o(i.ST7735_DrawPixel) for ST7735_DrawPixel
    st7735.o(i.ST7735_DrawCharS) refers to st7735.o(i.ST7735_FillRect) for ST7735_FillRect
    st7735.o(i.ST7735_DrawCharS) refers to st7735.o(.data) for _width
    st7735.o(i.ST7735_DrawCharS) refers to st7735.o(.constdata) for Font
    st7735.o(i.ST7735_DrawFastHLine) refers to st7735.o(i.setAddrWindow) for setAddrWindow
    st7735.o(i.ST7735_DrawFastHLine) refers to st7735.o(i.writedata) for writedata
    st7735.o(i.ST7735_DrawFastHLine) refers to st7735.o(.data) for _width
    st7735.o(i.ST7735_DrawFastVLine) refers to st7735.o(i.setAddrWindow) for setAddrWindow
    st7735.o(i.ST7735_DrawFastVLine) refers to st7735.o(i.writedata) for writedata
    st7735.o(i.ST7735_DrawFastVLine) refers to st7735.o(.data) for _width
    st7735.o(i.ST7735_DrawPixel) refers to st7735.o(i.setAddrWindow) for setAddrWindow
    st7735.o(i.ST7735_DrawPixel) refers to st7735.o(i.pushColor) for pushColor
    st7735.o(i.ST7735_DrawPixel) refers to st7735.o(.data) for _width
    st7735.o(i.ST7735_DrawString) refers to st7735.o(i.ST7735_DrawCharS) for ST7735_DrawCharS
    st7735.o(i.ST7735_FillRect) refers to st7735.o(i.setAddrWindow) for setAddrWindow
    st7735.o(i.ST7735_FillRect) refers to st7735.o(i.writedata) for writedata
    st7735.o(i.ST7735_FillRect) refers to st7735.o(.data) for _width
    st7735.o(i.ST7735_FillScreen) refers to st7735.o(i.ST7735_FillRect) for ST7735_FillRect
    st7735.o(i.ST7735_FillScreen) refers to st7735.o(.data) for _height
    st7735.o(i.ST7735_InitB) refers to st7735.o(i.commonInit) for commonInit
    st7735.o(i.ST7735_InitB) refers to st7735.o(i.ST7735_SetCursor) for ST7735_SetCursor
    st7735.o(i.ST7735_InitB) refers to st7735.o(i.ST7735_FillScreen) for ST7735_FillScreen
    st7735.o(i.ST7735_InitB) refers to st7735.o(.constdata) for Bcmd
    st7735.o(i.ST7735_InitB) refers to st7735.o(.data) for StTextColor
    st7735.o(i.ST7735_InitR) refers to st7735.o(i.commonInit) for commonInit
    st7735.o(i.ST7735_InitR) refers to st7735.o(i.commandList) for commandList
    st7735.o(i.ST7735_InitR) refers to st7735.o(i.writecommand) for writecommand
    st7735.o(i.ST7735_InitR) refers to st7735.o(i.writedata) for writedata
    st7735.o(i.ST7735_InitR) refers to st7735.o(i.ST7735_SetCursor) for ST7735_SetCursor
    st7735.o(i.ST7735_InitR) refers to st7735.o(i.ST7735_FillScreen) for ST7735_FillScreen
    st7735.o(i.ST7735_InitR) refers to st7735.o(.constdata) for Rcmd1
    st7735.o(i.ST7735_InitR) refers to st7735.o(.data) for ColStart
    st7735.o(i.ST7735_InvertDisplay) refers to st7735.o(i.writecommand) for writecommand
    st7735.o(i.ST7735_OutChar) refers to st7735.o(i.ST7735_DrawString) for ST7735_DrawString
    st7735.o(i.ST7735_OutChar) refers to st7735.o(i.ST7735_DrawCharS) for ST7735_DrawCharS
    st7735.o(i.ST7735_OutChar) refers to st7735.o(.data) for StY
    st7735.o(i.ST7735_OutString) refers to st7735.o(i.ST7735_OutChar) for ST7735_OutChar
    st7735.o(i.ST7735_OutUDec) refers to st7735.o(i.fillmessage) for fillmessage
    st7735.o(i.ST7735_OutUDec) refers to st7735.o(i.ST7735_DrawString) for ST7735_DrawString
    st7735.o(i.ST7735_OutUDec) refers to st7735.o(i.ST7735_DrawCharS) for ST7735_DrawCharS
    st7735.o(i.ST7735_OutUDec) refers to st7735.o(.data) for Messageindex
    st7735.o(i.ST7735_OutUDec) refers to st7735.o(.bss) for Message
    st7735.o(i.ST7735_PlotBar) refers to st7735.o(i.ST7735_DrawFastVLine) for ST7735_DrawFastVLine
    st7735.o(i.ST7735_PlotBar) refers to st7735.o(.data) for Ymin
    st7735.o(i.ST7735_PlotClear) refers to st7735.o(i.ST7735_Color565) for ST7735_Color565
    st7735.o(i.ST7735_PlotClear) refers to st7735.o(i.ST7735_FillRect) for ST7735_FillRect
    st7735.o(i.ST7735_PlotClear) refers to st7735.o(.data) for Ymax
    st7735.o(i.ST7735_PlotLine) refers to st7735.o(i.ST7735_DrawPixel) for ST7735_DrawPixel
    st7735.o(i.ST7735_PlotLine) refers to st7735.o(.data) for Ymin
    st7735.o(i.ST7735_PlotNext) refers to st7735.o(.data) for X
    st7735.o(i.ST7735_PlotNextErase) refers to st7735.o(i.ST7735_Color565) for ST7735_Color565
    st7735.o(i.ST7735_PlotNextErase) refers to st7735.o(i.ST7735_DrawFastVLine) for ST7735_DrawFastVLine
    st7735.o(i.ST7735_PlotNextErase) refers to st7735.o(.data) for X
    st7735.o(i.ST7735_PlotPoint) refers to st7735.o(i.ST7735_DrawPixel) for ST7735_DrawPixel
    st7735.o(i.ST7735_PlotPoint) refers to st7735.o(.data) for Ymin
    st7735.o(i.ST7735_PlotPoints) refers to st7735.o(i.ST7735_DrawPixel) for ST7735_DrawPixel
    st7735.o(i.ST7735_PlotPoints) refers to st7735.o(.data) for Ymin
    st7735.o(i.ST7735_PlotdBfs) refers to st7735.o(i.ST7735_DrawFastVLine) for ST7735_DrawFastVLine
    st7735.o(i.ST7735_PlotdBfs) refers to st7735.o(.constdata) for dBfs
    st7735.o(i.ST7735_PlotdBfs) refers to st7735.o(.data) for X
    st7735.o(i.ST7735_SetCursor) refers to st7735.o(.data) for StX
    st7735.o(i.ST7735_SetRotation) refers to st7735.o(i.writecommand) for writecommand
    st7735.o(i.ST7735_SetRotation) refers to st7735.o(i.writedata) for writedata
    st7735.o(i.ST7735_SetRotation) refers to st7735.o(.data) for Rotation
    st7735.o(i.ST7735_SetTextColor) refers to st7735.o(.data) for StTextColor
    st7735.o(i.commandList) refers to st7735.o(i.writecommand) for writecommand
    st7735.o(i.commandList) refers to st7735.o(i.writedata) for writedata
    st7735.o(i.commandList) refers to st7735.o(i.Delay1ms) for Delay1ms
    st7735.o(i.commonInit) refers to st7735.o(i.Delay1ms) for Delay1ms
    st7735.o(i.commonInit) refers to st7735.o(i.commandList) for commandList
    st7735.o(i.commonInit) refers to st7735.o(.data) for RowStart
    st7735.o(i.fillmessage) refers to st7735.o(.bss) for Message
    st7735.o(i.fillmessage) refers to st7735.o(.data) for Messageindex
    st7735.o(i.fputc) refers to st7735.o(i.ST7735_OutChar) for ST7735_OutChar
    st7735.o(i.pushColor) refers to st7735.o(i.writedata) for writedata
    st7735.o(i.setAddrWindow) refers to st7735.o(i.writecommand) for writecommand
    st7735.o(i.setAddrWindow) refers to st7735.o(i.writedata) for writedata
    st7735.o(i.setAddrWindow) refers to st7735.o(.data) for ColStart
    timer.o(i.TIMER_ReadTimerValue) refers to startup.o(.text) for StartCritical
    timer.o(i.TIMER_TimerInit) refers to timer.o(.bss) for HandlerTaskArray
    timer.o(i.TIMER_TimerInit) refers to timer.o(.data) for timerCount
    timer.o(i.Timer0A_Handler) refers to timer.o(.bss) for HandlerTaskArray
    timer.o(i.Timer0B_Handler) refers to timer.o(.bss) for HandlerTaskArray
    timer.o(i.Timer1A_Handler) refers to timer.o(.bss) for HandlerTaskArray
    timer.o(i.Timer1B_Handler) refers to timer.o(.bss) for HandlerTaskArray
    timer.o(i.Timer3A_Handler) refers to timer.o(.data) for PeriodicTask
    timer.o(i.Timer3B_Handler) refers to timer.o(.bss) for HandlerTaskArray
    timer.o(i.Timer3_Init) refers to timer.o(.data) for PeriodicTask
    timer.o(i.Timer4A_Handler) refers to timer.o(.bss) for HandlerTaskArray
    timer.o(i.Timer4B_Handler) refers to timer.o(.bss) for HandlerTaskArray
    timer.o(i.Timer5A_Handler) refers to timer.o(.bss) for HandlerTaskArray
    timer.o(i.Timer5B_Handler) refers to timer.o(.bss) for HandlerTaskArray
    fixedpointmath.o(i.cosine) refers to fixedpointmath.o(.data) for array
    fixedpointmath.o(i.get_angle) refers to fixedpointmath.o(i.arctangent) for arctangent
    fixedpointmath.o(i.get_d) refers to fixedpointmath.o(i.cosine) for cosine
    fixedpointmath.o(i.sine) refers to fixedpointmath.o(.data) for array
    __main.o(!!!main) refers to rtentry.o(.ARM.Collect$$rtentry$$00000000) for __rt_entry
    rtentry.o(.ARM.Collect$$rtentry$$00000000) refers (Special) to rtentry2.o(.ARM.Collect$$rtentry$$0000000A) for __rt_entry_li
    rtentry.o(.ARM.Collect$$rtentry$$00000000) refers (Special) to rtentry2.o(.ARM.Collect$$rtentry$$0000000D) for __rt_entry_main
    rtentry.o(.ARM.Collect$$rtentry$$00000000) refers (Special) to rtentry2.o(.ARM.Collect$$rtentry$$0000000C) for __rt_entry_postli_1
    rtentry.o(.ARM.Collect$$rtentry$$00000000) refers (Special) to rtentry2.o(.ARM.Collect$$rtentry$$00000009) for __rt_entry_postsh_1
    rtentry.o(.ARM.Collect$$rtentry$$00000000) refers (Special) to rtentry2.o(.ARM.Collect$$rtentry$$00000002) for __rt_entry_presh_1
    rtentry.o(.ARM.Collect$$rtentry$$00000000) refers (Special) to rtentry4.o(.ARM.Collect$$rtentry$$00000004) for __rt_entry_sh
    rtentry2.o(.ARM.Collect$$rtentry$$00000008) refers to boardinit2.o(.text) for _platform_post_stackheap_init
    rtentry2.o(.ARM.Collect$$rtentry$$0000000A) refers to libinit.o(.ARM.Collect$$libinit$$00000000) for __rt_lib_init
    rtentry2.o(.ARM.Collect$$rtentry$$0000000B) refers to boardinit3.o(.text) for _platform_post_lib_init
    rtentry2.o(.ARM.Collect$$rtentry$$0000000D) refers to inputoutput.o(i.main) for main
    rtentry2.o(.ARM.Collect$$rtentry$$0000000D) refers to exit.o(.text) for exit
    rtentry2.o(.ARM.exidx) refers to rtentry2.o(.ARM.Collect$$rtentry$$00000001) for .ARM.Collect$$rtentry$$00000001
    rtentry2.o(.ARM.exidx) refers to rtentry2.o(.ARM.Collect$$rtentry$$00000008) for .ARM.Collect$$rtentry$$00000008
    rtentry2.o(.ARM.exidx) refers to rtentry2.o(.ARM.Collect$$rtentry$$0000000A) for .ARM.Collect$$rtentry$$0000000A
    rtentry2.o(.ARM.exidx) refers to rtentry2.o(.ARM.Collect$$rtentry$$0000000B) for .ARM.Collect$$rtentry$$0000000B
    rtentry2.o(.ARM.exidx) refers to rtentry2.o(.ARM.Collect$$rtentry$$0000000D) for .ARM.Collect$$rtentry$$0000000D
    rtentry4.o(.ARM.Collect$$rtentry$$00000004) refers to sys_stackheap_outer.o(.text) for __user_setup_stackheap
    rtentry4.o(.ARM.exidx) refers to rtentry4.o(.ARM.Collect$$rtentry$$00000004) for .ARM.Collect$$rtentry$$00000004
    sys_stackheap_outer.o(.text) refers to libspace.o(.text) for __user_perproc_libspace
    sys_stackheap_outer.o(.text) refers to startup.o(.text) for __user_initial_stackheap
    exit.o(.text) refers to rtexit.o(.ARM.Collect$$rtexit$$00000000) for __rt_exit
    libinit.o(.ARM.Collect$$libinit$$00000000) refers (Special) to libinit2.o(.ARM.Collect$$libinit$$0000002C) for __rt_lib_init_alloca_1
    libinit.o(.ARM.Collect$$libinit$$00000000) refers (Special) to libinit2.o(.ARM.Collect$$libinit$$0000002A) for __rt_lib_init_argv_1
    libinit.o(.ARM.Collect$$libinit$$00000000) refers (Special) to libinit2.o(.ARM.Collect$$libinit$$00000019) for __rt_lib_init_atexit_1
    libinit.o(.ARM.Collect$$libinit$$00000000) refers (Special) to libinit2.o(.ARM.Collect$$libinit$$0000001F) for __rt_lib_init_clock_1
    libinit.o(.ARM.Collect$$libinit$$00000000) refers (Special) to libinit2.o(.ARM.Collect$$libinit$$00000030) for __rt_lib_init_cpp_1
    libinit.o(.ARM.Collect$$libinit$$00000000) refers (Special) to libinit2.o(.ARM.Collect$$libinit$$0000002E) for __rt_lib_init_exceptions_1
    libinit.o(.ARM.Collect$$libinit$$00000000) refers (Special) to libinit2.o(.ARM.Collect$$libinit$$00000002) for __rt_lib_init_fp_1
    libinit.o(.ARM.Collect$$libinit$$00000000) refers (Special) to libinit2.o(.ARM.Collect$$libinit$$0000001D) for __rt_lib_init_fp_trap_1
    libinit.o(.ARM.Collect$$libinit$$00000000) refers (Special) to libinit2.o(.ARM.Collect$$libinit$$00000021) for __rt_lib_init_getenv_1
    libinit.o(.ARM.Collect$$libinit$$00000000) refers (Special) to libinit2.o(.ARM.Collect$$libinit$$00000008) for __rt_lib_init_heap_1
    libinit.o(.ARM.Collect$$libinit$$00000000) refers (Special) to libinit2.o(.ARM.Collect$$libinit$$0000000F) for __rt_lib_init_lc_collate_1
    libinit.o(.ARM.Collect$$libinit$$00000000) refers (Special) to libinit2.o(.ARM.Collect$$libinit$$00000011) for __rt_lib_init_lc_ctype_1
    libinit.o(.ARM.Collect$$libinit$$00000000) refers (Special) to libinit2.o(.ARM.Collect$$libinit$$00000013) for __rt_lib_init_lc_monetary_1
    libinit.o(.ARM.Collect$$libinit$$00000000) refers (Special) to libinit2.o(.ARM.Collect$$libinit$$00000015) for __rt_lib_init_lc_numeric_1
    libinit.o(.ARM.Collect$$libinit$$00000000) refers (Special) to libinit2.o(.ARM.Collect$$libinit$$00000017) for __rt_lib_init_lc_time_1
    libinit.o(.ARM.Collect$$libinit$$00000000) refers (Special) to libinit2.o(.ARM.Collect$$libinit$$0000000C) for __rt_lib_init_rand_1
    libinit.o(.ARM.Collect$$libinit$$00000000) refers (Special) to libinit2.o(.ARM.Collect$$libinit$$00000031) for __rt_lib_init_return
    libinit.o(.ARM.Collect$$libinit$$00000000) refers (Special) to libinit2.o(.ARM.Collect$$libinit$$0000001B) for __rt_lib_init_signal_1
    libinit.o(.ARM.Collect$$libinit$$00000000) refers (Special) to libinit2.o(.ARM.Collect$$libinit$$00000023) for __rt_lib_init_stdio_1
    libinit.o(.ARM.Collect$$libinit$$00000000) refers (Special) to libinit2.o(.ARM.Collect$$libinit$$0000000A) for __rt_lib_init_user_alloc_1
    libspace.o(.text) refers to libspace.o(.bss) for __libspace_start
    rtexit.o(.ARM.Collect$$rtexit$$00000000) refers (Special) to rtexit2.o(.ARM.Collect$$rtexit$$00000004) for __rt_exit_exit
    rtexit.o(.ARM.Collect$$rtexit$$00000000) refers (Special) to rtexit2.o(.ARM.Collect$$rtexit$$00000003) for __rt_exit_ls
    rtexit.o(.ARM.Collect$$rtexit$$00000000) refers (Special) to rtexit2.o(.ARM.Collect$$rtexit$$00000002) for __rt_exit_prels_1
    rtexit.o(.ARM.exidx) refers (Special) to rtexit2.o(.ARM.Collect$$rtexit$$00000004) for __rt_exit_exit
    rtexit.o(.ARM.exidx) refers (Special) to rtexit2.o(.ARM.Collect$$rtexit$$00000003) for __rt_exit_ls
    rtexit.o(.ARM.exidx) refers (Special) to rtexit2.o(.ARM.Collect$$rtexit$$00000002) for __rt_exit_prels_1
    rtexit.o(.ARM.exidx) refers to rtexit.o(.ARM.Collect$$rtexit$$00000000) for .ARM.Collect$$rtexit$$00000000
    libinit2.o(.ARM.Collect$$libinit$$0000000E) refers to libinit2.o(.ARM.Collect$$libinit$$0000000D) for .ARM.Collect$$libinit$$0000000D
    libinit2.o(.ARM.Collect$$libinit$$00000010) refers to libinit2.o(.ARM.Collect$$libinit$$0000000D) for .ARM.Collect$$libinit$$0000000D
    libinit2.o(.ARM.Collect$$libinit$$00000012) refers to libinit2.o(.ARM.Collect$$libinit$$0000000D) for .ARM.Collect$$libinit$$0000000D
    libinit2.o(.ARM.Collect$$libinit$$00000014) refers to libinit2.o(.ARM.Collect$$libinit$$0000000D) for .ARM.Collect$$libinit$$0000000D
    libinit2.o(.ARM.Collect$$libinit$$00000016) refers to libinit2.o(.ARM.Collect$$libinit$$0000000D) for .ARM.Collect$$libinit$$0000000D
    libinit2.o(.ARM.Collect$$libinit$$00000024) refers to argv_veneer.o(.emb_text) for __ARM_argv_veneer
    libinit2.o(.ARM.Collect$$libinit$$00000025) refers to argv_veneer.o(.emb_text) for __ARM_argv_veneer
    rtexit2.o(.ARM.Collect$$rtexit$$00000003) refers to libshutdown.o(.ARM.Collect$$libshutdown$$00000000) for __rt_lib_shutdown
    rtexit2.o(.ARM.Collect$$rtexit$$00000004) refers to sys_exit.o(.text) for _sys_exit
    rtexit2.o(.ARM.exidx) refers to rtexit2.o(.ARM.Collect$$rtexit$$00000001) for .ARM.Collect$$rtexit$$00000001
    rtexit2.o(.ARM.exidx) refers to rtexit2.o(.ARM.Collect$$rtexit$$00000003) for .ARM.Collect$$rtexit$$00000003
    rtexit2.o(.ARM.exidx) refers to rtexit2.o(.ARM.Collect$$rtexit$$00000004) for .ARM.Collect$$rtexit$$00000004
    argv_veneer.o(.emb_text) refers to no_argv.o(.text) for __ARM_get_argv
    sys_exit.o(.text) refers (Special) to use_no_semi.o(.text) for __I$use$semihosting
    sys_exit.o(.text) refers (Special) to indicate_semi.o(.text) for __semihosting_library_function
    _get_argv_nomalloc.o(.text) refers (Special) to hrguard.o(.text) for __heap_region$guard
    _get_argv_nomalloc.o(.text) refers to defsig_rtmem_outer.o(.text) for __rt_SIGRTMEM
    _get_argv_nomalloc.o(.text) refers to sys_command.o(.text) for _sys_command_string
    libshutdown.o(.ARM.Collect$$libshutdown$$00000000) refers (Special) to libshutdown2.o(.ARM.Collect$$libshutdown$$00000006) for __rt_lib_shutdown_fp_trap_1
    libshutdown.o(.ARM.Collect$$libshutdown$$00000000) refers (Special) to libshutdown2.o(.ARM.Collect$$libshutdown$$0000000E) for __rt_lib_shutdown_heap_1
    libshutdown.o(.ARM.Collect$$libshutdown$$00000000) refers (Special) to libshutdown2.o(.ARM.Collect$$libshutdown$$0000000F) for __rt_lib_shutdown_return
    libshutdown.o(.ARM.Collect$$libshutdown$$00000000) refers (Special) to libshutdown2.o(.ARM.Collect$$libshutdown$$00000009) for __rt_lib_shutdown_signal_1
    libshutdown.o(.ARM.Collect$$libshutdown$$00000000) refers (Special) to libshutdown2.o(.ARM.Collect$$libshutdown$$00000003) for __rt_lib_shutdown_stdio_1
    libshutdown.o(.ARM.Collect$$libshutdown$$00000000) refers (Special) to libshutdown2.o(.ARM.Collect$$libshutdown$$0000000B) for __rt_lib_shutdown_user_alloc_1
    sys_command.o(.text) refers (Special) to use_no_semi.o(.text) for __I$use$semihosting
    sys_command.o(.text) refers (Special) to indicate_semi.o(.text) for __semihosting_library_function
    defsig_rtmem_outer.o(.text) refers to defsig_rtmem_inner.o(.text) for __rt_SIGRTMEM_inner
    defsig_rtmem_outer.o(.text) refers to defsig_exit.o(.text) for __sig_exit
    defsig_rtmem_formal.o(.text) refers to rt_raise.o(.text) for __rt_raise
    rt_raise.o(.text) refers to __raise.o(.text) for __raise
    rt_raise.o(.text) refers to sys_exit.o(.text) for _sys_exit
    defsig_exit.o(.text) refers to sys_exit.o(.text) for _sys_exit
    defsig_rtmem_inner.o(.text) refers to defsig_general.o(.text) for __default_signal_display
    __raise.o(.text) refers to defsig.o(CL$$defsig) for __default_signal_handler
    defsig_general.o(.text) refers to sys_wrch.o(.text) for _ttywrch
    sys_wrch.o(.text) refers (Special) to use_no_semi.o(.text) for __I$use$semihosting
    sys_wrch.o(.text) refers (Special) to indicate_semi.o(.text) for __semihosting_library_function
    defsig.o(CL$$defsig) refers to defsig_rtmem_inner.o(.text) for __rt_SIGRTMEM_inner
    defsig_abrt_inner.o(.text) refers to defsig_general.o(.text) for __default_signal_display
    defsig_fpe_inner.o(.text) refers to defsig_general.o(.text) for __default_signal_display
    defsig_rtred_inner.o(.text) refers to defsig_general.o(.text) for __default_signal_display
    defsig_stak_inner.o(.text) refers to defsig_general.o(.text) for __default_signal_display
    defsig_pvfn_inner.o(.text) refers to defsig_general.o(.text) for __default_signal_display
    defsig_cppl_inner.o(.text) refers to defsig_general.o(.text) for __default_signal_display
    defsig_segv_inner.o(.text) refers to defsig_general.o(.text) for __default_signal_display
    defsig_other.o(.text) refers to defsig_general.o(.text) for __default_signal_display


==============================================================================

Removing Unused input sections from the image.

    Removing adc.o(i.ADC_Collect), (1088 bytes).
    Removing adc.o(i.ADC_In), (32 bytes).
    Removing adc.o(i.ADC_Open), (1024 bytes).
    Removing adc.o(i.ADC_Status), (12 bytes).
    Removing can0.o(i.CAN0_CheckMail), (12 bytes).
    Removing can0.o(i.CAN0_GetMail), (52 bytes).
    Removing can0.o(i.CAN0_GetMailNonBlock), (40 bytes).
    Removing can0.o(i.CAN0_SendData), (2 bytes).
    Removing can.o(i.CANDisable), (24 bytes).
    Removing can.o(i.CANErrCntrGet), (46 bytes).
    Removing can.o(i.CANIntDisable), (26 bytes).
    Removing can.o(i.CANIntRegister), (30 bytes).
    Removing can.o(i.CANIntUnregister), (26 bytes).
    Removing can.o(i.CANMessageClear), (66 bytes).
    Removing can.o(i.CANRetryGet), (24 bytes).
    Removing can.o(i.CANRetrySet), (36 bytes).
    Removing inputcapture.o(i.TimerCapture_Init), (248 bytes).
    Removing interrupt.o(i.IntDefaultHandler), (4 bytes).
    Removing interrupt.o(i.IntPendClear), (88 bytes).
    Removing interrupt.o(i.IntPendSet), (108 bytes).
    Removing interrupt.o(i.IntPriorityGet), (28 bytes).
    Removing interrupt.o(i.IntPriorityGroupingGet), (44 bytes).
    Removing interrupt.o(i.IntPriorityGroupingSet), (28 bytes).
    Removing interrupt.o(i.IntPrioritySet), (52 bytes).
    Removing interrupt.o(i.IntRegister), (60 bytes).
    Removing interrupt.o(i.IntUnregister), (20 bytes).
    Removing interrupt.o(.constdata), (104 bytes).
    Removing interrupt.o(vtable), (284 bytes).
    Removing maincan.o(i.CANmain), (172 bytes).
    Removing maincan.o(i.UserTask), (64 bytes).
    Removing maincan.o(.data), (13 bytes).
    Removing st7735.o(i.Output_Clear), (10 bytes).
    Removing st7735.o(i.Output_Color), (12 bytes).
    Removing st7735.o(i.Output_Off), (8 bytes).
    Removing st7735.o(i.Output_On), (8 bytes).
    Removing st7735.o(i.ST7735_Color565), (24 bytes).
    Removing st7735.o(i.ST7735_DrawBitmap), (288 bytes).
    Removing st7735.o(i.ST7735_DrawChar), (268 bytes).
    Removing st7735.o(i.ST7735_DrawFastHLine), (124 bytes).
    Removing st7735.o(i.ST7735_DrawFastVLine), (124 bytes).
    Removing st7735.o(i.ST7735_InitB), (40 bytes).
    Removing st7735.o(i.ST7735_InvertDisplay), (22 bytes).
    Removing st7735.o(i.ST7735_PlotBar), (88 bytes).
    Removing st7735.o(i.ST7735_PlotClear), (92 bytes).
    Removing st7735.o(i.ST7735_PlotLine), (264 bytes).
    Removing st7735.o(i.ST7735_PlotNext), (32 bytes).
    Removing st7735.o(i.ST7735_PlotNextErase), (64 bytes).
    Removing st7735.o(i.ST7735_PlotPoint), (152 bytes).
    Removing st7735.o(i.ST7735_PlotPoints), (172 bytes).
    Removing st7735.o(i.ST7735_PlotdBfs), (60 bytes).
    Removing st7735.o(i.ST7735_SetRotation), (212 bytes).
    Removing st7735.o(i.ST7735_SetTextColor), (12 bytes).
    Removing st7735.o(i.ST7735_SwapColor), (18 bytes).
    Removing st7735.o(i.ferror), (8 bytes).
    Removing st7735.o(i.fgetc), (6 bytes).
    Removing st7735.o(i.fputc), (16 bytes).
    Removing timer.o(i.TIMER_ClearPeriodicTime), (388 bytes).
    Removing timer.o(i.TIMER_NVIC_DisableTimerInt), (148 bytes).
    Removing timer.o(i.TIMER_NVIC_EnableTimerInt), (148 bytes).
    Removing timer.o(i.TIMER_ReadTimerPeriod), (128 bytes).
    Removing timer.o(i.TIMER_ReadTimerValue), (140 bytes).
    Removing timer.o(i.TIMER_TimerInit), (1128 bytes).
    Removing timer.o(i.Timer3_Init), (96 bytes).
    Removing fixedpointmath.o(i.arctangent), (52 bytes).
    Removing fixedpointmath.o(i.cosine), (24 bytes).
    Removing fixedpointmath.o(i.get_angle), (18 bytes).
    Removing fixedpointmath.o(i.get_d), (36 bytes).
    Removing fixedpointmath.o(i.sine), (20 bytes).
    Removing fixedpointmath.o(.data), (182 bytes).

69 unused section(s) (total 8489 bytes) removed from the image.

==============================================================================

Image Symbol Table

    Local Symbols

    Symbol Name                              Value     Ov Type        Size  Object(Section)

    RESET                                    0x00000000   Section      644  startup.o(RESET)
    ../clib/angel/boardlib.s                 0x00000000   Number         0  boardinit1.o ABSOLUTE
    ../clib/angel/boardlib.s                 0x00000000   Number         0  boardshut.o ABSOLUTE
    ../clib/angel/boardlib.s                 0x00000000   Number         0  boardinit2.o ABSOLUTE
    ../clib/angel/boardlib.s                 0x00000000   Number         0  boardinit3.o ABSOLUTE
    ../clib/angel/handlers.s                 0x00000000   Number         0  __scatter_zi.o ABSOLUTE
    ../clib/angel/handlers.s                 0x00000000   Number         0  __scatter_copy.o ABSOLUTE
    ../clib/angel/kernel.s                   0x00000000   Number         0  rtexit.o ABSOLUTE
    ../clib/angel/kernel.s                   0x00000000   Number         0  rtentry.o ABSOLUTE
    ../clib/angel/kernel.s                   0x00000000   Number         0  rtentry4.o ABSOLUTE
    ../clib/angel/kernel.s                   0x00000000   Number         0  rtentry2.o ABSOLUTE
    ../clib/angel/kernel.s                   0x00000000   Number         0  rtexit2.o ABSOLUTE
    ../clib/angel/rt.s                       0x00000000   Number         0  rt_raise.o ABSOLUTE
    ../clib/angel/scatter.s                  0x00000000   Number         0  __scatter.o ABSOLUTE
    ../clib/angel/startup.s                  0x00000000   Number         0  __main.o ABSOLUTE
    ../clib/angel/sys.s                      0x00000000   Number         0  libspace.o ABSOLUTE
    ../clib/angel/sys.s                      0x00000000   Number         0  use_no_semi.o ABSOLUTE
    ../clib/angel/sys.s                      0x00000000   Number         0  indicate_semi.o ABSOLUTE
    ../clib/angel/sys.s                      0x00000000   Number         0  sys_stackheap_outer.o ABSOLUTE
    ../clib/angel/sysapp.c                   0x00000000   Number         0  sys_exit.o ABSOLUTE
    ../clib/angel/sysapp.c                   0x00000000   Number         0  sys_command.o ABSOLUTE
    ../clib/angel/sysapp.c                   0x00000000   Number         0  sys_wrch.o ABSOLUTE
    ../clib/armsys.c                         0x00000000   Number         0  _get_argv_nomalloc.o ABSOLUTE
    ../clib/armsys.c                         0x00000000   Number         0  argv_veneer.o ABSOLUTE
    ../clib/armsys.c                         0x00000000   Number         0  no_argv.o ABSOLUTE
    ../clib/armsys.c                         0x00000000   Number         0  argv_veneer.o ABSOLUTE
    ../clib/heapalloc.c                      0x00000000   Number         0  hrguard.o ABSOLUTE
    ../clib/heapaux.c                        0x00000000   Number         0  heapauxi.o ABSOLUTE
    ../clib/libinit.s                        0x00000000   Number         0  libshutdown2.o ABSOLUTE
    ../clib/libinit.s                        0x00000000   Number         0  libshutdown.o ABSOLUTE
    ../clib/libinit.s                        0x00000000   Number         0  libinit2.o ABSOLUTE
    ../clib/libinit.s                        0x00000000   Number         0  libinit.o ABSOLUTE
    ../clib/signal.c                         0x00000000   Number         0  defsig_rtred_inner.o ABSOLUTE
    ../clib/signal.c                         0x00000000   Number         0  defsig_other.o ABSOLUTE
    ../clib/signal.c                         0x00000000   Number         0  defsig_segv_inner.o ABSOLUTE
    ../clib/signal.c                         0x00000000   Number         0  defsig_cppl_inner.o ABSOLUTE
    ../clib/signal.c                         0x00000000   Number         0  defsig_pvfn_inner.o ABSOLUTE
    ../clib/signal.c                         0x00000000   Number         0  defsig_stak_inner.o ABSOLUTE
    ../clib/signal.c                         0x00000000   Number         0  defsig_fpe_inner.o ABSOLUTE
    ../clib/signal.c                         0x00000000   Number         0  defsig_abrt_inner.o ABSOLUTE
    ../clib/signal.c                         0x00000000   Number         0  defsig_rtmem_outer.o ABSOLUTE
    ../clib/signal.c                         0x00000000   Number         0  defsig_exit.o ABSOLUTE
    ../clib/signal.c                         0x00000000   Number         0  defsig_rtmem_formal.o ABSOLUTE
    ../clib/signal.c                         0x00000000   Number         0  defsig_rtmem_inner.o ABSOLUTE
    ../clib/signal.c                         0x00000000   Number         0  __raise.o ABSOLUTE
    ../clib/signal.c                         0x00000000   Number         0  defsig_general.o ABSOLUTE
    ../clib/signal.s                         0x00000000   Number         0  defsig.o ABSOLUTE
    ../clib/stdlib.c                         0x00000000   Number         0  exit.o ABSOLUTE
    ../fplib/fpinit.s                        0x00000000   Number         0  fpinit.o ABSOLUTE
    ADC.c                                    0x00000000   Number         0  adc.o ABSOLUTE
    InputCapture.c                           0x00000000   Number         0  inputcapture.o ABSOLUTE
    InputOutput.c                            0x00000000   Number         0  inputoutput.o ABSOLUTE
    MainCAN.c                                0x00000000   Number         0  maincan.o ABSOLUTE
    PLL.c                                    0x00000000   Number         0  pll.o ABSOLUTE
    PWM.c                                    0x00000000   Number         0  pwm.o ABSOLUTE
    ST7735.c                                 0x00000000   Number         0  st7735.o ABSOLUTE
    TIMER.c                                  0x00000000   Number         0  timer.o ABSOLUTE
    can.c                                    0x00000000   Number         0  can.o ABSOLUTE
    can0.c                                   0x00000000   Number         0  can0.o ABSOLUTE
    dc.s                                     0x00000000   Number         0  dc.o ABSOLUTE
    fixedpointmath.c                         0x00000000   Number         0  fixedpointmath.o ABSOLUTE
    interrupt.c                              0x00000000   Number         0  interrupt.o ABSOLUTE
    startup.s                                0x00000000   Number         0  startup.o ABSOLUTE
    !!!main                                  0x00000284   Section        8  __main.o(!!!main)
    !!!scatter                               0x0000028c   Section       52  __scatter.o(!!!scatter)
    !!handler_copy                           0x000002c0   Section       26  __scatter_copy.o(!!handler_copy)
    !!handler_zi                             0x000002dc   Section       28  __scatter_zi.o(!!handler_zi)
    .ARM.Collect$$libinit$$00000000          0x000002f8   Section        2  libinit.o(.ARM.Collect$$libinit$$00000000)
    .ARM.Collect$$libinit$$00000002          0x000002fa   Section        0  libinit2.o(.ARM.Collect$$libinit$$00000002)
    .ARM.Collect$$libinit$$00000008          0x000002fa   Section        0  libinit2.o(.ARM.Collect$$libinit$$00000008)
    .ARM.Collect$$libinit$$0000000A          0x000002fa   Section        0  libinit2.o(.ARM.Collect$$libinit$$0000000A)
    .ARM.Collect$$libinit$$0000000C          0x000002fa   Section        0  libinit2.o(.ARM.Collect$$libinit$$0000000C)
    .ARM.Collect$$libinit$$0000000F          0x000002fa   Section        0  libinit2.o(.ARM.Collect$$libinit$$0000000F)
    .ARM.Collect$$libinit$$00000011          0x000002fa   Section        0  libinit2.o(.ARM.Collect$$libinit$$00000011)
    .ARM.Collect$$libinit$$00000013          0x000002fa   Section        0  libinit2.o(.ARM.Collect$$libinit$$00000013)
    .ARM.Collect$$libinit$$00000015          0x000002fa   Section        0  libinit2.o(.ARM.Collect$$libinit$$00000015)
    .ARM.Collect$$libinit$$00000017          0x000002fa   Section        0  libinit2.o(.ARM.Collect$$libinit$$00000017)
    .ARM.Collect$$libinit$$00000019          0x000002fa   Section        0  libinit2.o(.ARM.Collect$$libinit$$00000019)
    .ARM.Collect$$libinit$$0000001B          0x000002fa   Section        0  libinit2.o(.ARM.Collect$$libinit$$0000001B)
    .ARM.Collect$$libinit$$0000001D          0x000002fa   Section        0  libinit2.o(.ARM.Collect$$libinit$$0000001D)
    .ARM.Collect$$libinit$$0000001F          0x000002fa   Section        0  libinit2.o(.ARM.Collect$$libinit$$0000001F)
    .ARM.Collect$$libinit$$00000021          0x000002fa   Section        0  libinit2.o(.ARM.Collect$$libinit$$00000021)
    .ARM.Collect$$libinit$$00000023          0x000002fa   Section        0  libinit2.o(.ARM.Collect$$libinit$$00000023)
    .ARM.Collect$$libinit$$0000002A          0x000002fa   Section        0  libinit2.o(.ARM.Collect$$libinit$$0000002A)
    .ARM.Collect$$libinit$$0000002C          0x000002fa   Section        0  libinit2.o(.ARM.Collect$$libinit$$0000002C)
    .ARM.Collect$$libinit$$0000002E          0x000002fa   Section        0  libinit2.o(.ARM.Collect$$libinit$$0000002E)
    .ARM.Collect$$libinit$$00000030          0x000002fa   Section        0  libinit2.o(.ARM.Collect$$libinit$$00000030)
    .ARM.Collect$$libinit$$00000031          0x000002fa   Section        2  libinit2.o(.ARM.Collect$$libinit$$00000031)
    .ARM.Collect$$libshutdown$$00000000      0x000002fc   Section        2  libshutdown.o(.ARM.Collect$$libshutdown$$00000000)
    .ARM.Collect$$libshutdown$$00000003      0x000002fe   Section        0  libshutdown2.o(.ARM.Collect$$libshutdown$$00000003)
    .ARM.Collect$$libshutdown$$00000006      0x000002fe   Section        0  libshutdown2.o(.ARM.Collect$$libshutdown$$00000006)
    .ARM.Collect$$libshutdown$$00000009      0x000002fe   Section        0  libshutdown2.o(.ARM.Collect$$libshutdown$$00000009)
    .ARM.Collect$$libshutdown$$0000000B      0x000002fe   Section        0  libshutdown2.o(.ARM.Collect$$libshutdown$$0000000B)
    .ARM.Collect$$libshutdown$$0000000E      0x000002fe   Section        0  libshutdown2.o(.ARM.Collect$$libshutdown$$0000000E)
    .ARM.Collect$$libshutdown$$0000000F      0x000002fe   Section        2  libshutdown2.o(.ARM.Collect$$libshutdown$$0000000F)
    .ARM.Collect$$rtentry$$00000000          0x00000300   Section        0  rtentry.o(.ARM.Collect$$rtentry$$00000000)
    .ARM.Collect$$rtentry$$00000002          0x00000300   Section        0  rtentry2.o(.ARM.Collect$$rtentry$$00000002)
    .ARM.Collect$$rtentry$$00000004          0x00000300   Section        6  rtentry4.o(.ARM.Collect$$rtentry$$00000004)
    .ARM.Collect$$rtentry$$00000009          0x00000306   Section        0  rtentry2.o(.ARM.Collect$$rtentry$$00000009)
    .ARM.Collect$$rtentry$$0000000A          0x00000306   Section        4  rtentry2.o(.ARM.Collect$$rtentry$$0000000A)
    .ARM.Collect$$rtentry$$0000000C          0x0000030a   Section        0  rtentry2.o(.ARM.Collect$$rtentry$$0000000C)
    .ARM.Collect$$rtentry$$0000000D          0x0000030a   Section        8  rtentry2.o(.ARM.Collect$$rtentry$$0000000D)
    .ARM.Collect$$rtexit$$00000000           0x00000312   Section        2  rtexit.o(.ARM.Collect$$rtexit$$00000000)
    .ARM.Collect$$rtexit$$00000002           0x00000314   Section        0  rtexit2.o(.ARM.Collect$$rtexit$$00000002)
    .ARM.Collect$$rtexit$$00000003           0x00000314   Section        4  rtexit2.o(.ARM.Collect$$rtexit$$00000003)
    .ARM.Collect$$rtexit$$00000004           0x00000318   Section        6  rtexit2.o(.ARM.Collect$$rtexit$$00000004)
    .text                                    0x00000320   Section       48  startup.o(.text)
    .text                                    0x00000350   Section        0  heapauxi.o(.text)
    .text                                    0x00000356   Section       74  sys_stackheap_outer.o(.text)
    .text                                    0x000003a0   Section        0  exit.o(.text)
    .text                                    0x000003ac   Section        8  libspace.o(.text)
    .text                                    0x000003b4   Section        0  sys_exit.o(.text)
    .text                                    0x000003c0   Section        2  use_no_semi.o(.text)
    .text                                    0x000003c2   Section        0  indicate_semi.o(.text)
    i.ADC0Seq3_Handler                       0x000003c4   Section        0  adc.o(i.ADC0Seq3_Handler)
    i.CAN0_Handler                           0x000003f0   Section        0  can0.o(i.CAN0_Handler)
    i.CAN0_Open                              0x00000538   Section        0  can0.o(i.CAN0_Open)
    i.CAN0_Setup_Message_Object              0x00000684   Section        0  can0.o(i.CAN0_Setup_Message_Object)
    CAN0_Setup_Message_Object                0x00000685   Thumb Code    44  can0.o(i.CAN0_Setup_Message_Object)
    i.CANBitRateSet                          0x000006b4   Section        0  can.o(i.CANBitRateSet)
    i.CANDataRegRead                         0x00000748   Section        0  can.o(i.CANDataRegRead)
    CANDataRegRead                           0x00000749   Thumb Code    54  can.o(i.CANDataRegRead)
    i.CANDataRegWrite                        0x0000077e   Section        0  can.o(i.CANDataRegWrite)
    CANDataRegWrite                          0x0000077f   Thumb Code    54  can.o(i.CANDataRegWrite)
    i.CANEnable                              0x000007b4   Section        0  can.o(i.CANEnable)
    i.CANInit                                0x000007cc   Section        0  can.o(i.CANInit)
    i.CANIntClear                            0x00000860   Section        0  can.o(i.CANIntClear)
    i.CANIntEnable                           0x000008ac   Section        0  can.o(i.CANIntEnable)
    i.CANIntNumberGet                        0x000008c8   Section        0  can.o(i.CANIntNumberGet)
    CANIntNumberGet                          0x000008c9   Thumb Code    44  can.o(i.CANIntNumberGet)
    i.CANIntStatus                           0x000008f8   Section        0  can.o(i.CANIntStatus)
    i.CANMessageGet                          0x00000934   Section        0  can.o(i.CANMessageGet)
    i.CANMessageSet                          0x00000ae6   Section        0  can.o(i.CANMessageSet)
    i.CANRegRead                             0x00000c98   Section        0  can.o(i.CANRegRead)
    CANRegRead                               0x00000c99   Thumb Code    76  can.o(i.CANRegRead)
    i.CANRegWrite                            0x00000ce8   Section        0  can.o(i.CANRegWrite)
    CANRegWrite                              0x00000ce9   Thumb Code    24  can.o(i.CANRegWrite)
    i.CANStatusGet                           0x00000d00   Section        0  can.o(i.CANStatusGet)
    i.ControlMotors                          0x00000d7c   Section        0  pwm.o(i.ControlMotors)
    i.Delay1ms                               0x00000de0   Section        0  st7735.o(i.Delay1ms)
    i.GPIO_PortF_Init                        0x00000e00   Section        0  pwm.o(i.GPIO_PortF_Init)
    i.InitMotorDirection                     0x00000e60   Section        0  pwm.o(i.InitMotorDirection)
    i.InitMotors                             0x00000e6c   Section        0  pwm.o(i.InitMotors)
    i.IntDisable                             0x00000e90   Section        0  interrupt.o(i.IntDisable)
    i.IntEnable                              0x00000f10   Section        0  interrupt.o(i.IntEnable)
    i.LeftMotorBackward                      0x00000f90   Section        0  pwm.o(i.LeftMotorBackward)
    i.LeftMotorForward                       0x00000fb8   Section        0  pwm.o(i.LeftMotorForward)
    i.Output_Init                            0x00000fe0   Section        0  st7735.o(i.Output_Init)
    i.PLL_Init                               0x00000ff0   Section        0  pll.o(i.PLL_Init)
    i.PWM0A_Duty                             0x0000106c   Section        0  pwm.o(i.PWM0A_Duty)
    i.PWM0A_Init                             0x00001078   Section        0  pwm.o(i.PWM0A_Init)
    i.PWM0B_Duty                             0x00001130   Section        0  pwm.o(i.PWM0B_Duty)
    i.PWM0B_Init                             0x0000113c   Section        0  pwm.o(i.PWM0B_Init)
    i.PortB_Init                             0x000011f8   Section        0  pwm.o(i.PortB_Init)
    i.RightMotorBackward                     0x00001264   Section        0  pwm.o(i.RightMotorBackward)
    i.RightMotorForward                      0x0000128c   Section        0  pwm.o(i.RightMotorForward)
    i.ST7735_DrawCharS                       0x000012b4   Section        0  st7735.o(i.ST7735_DrawCharS)
    i.ST7735_DrawPixel                       0x000013a8   Section        0  st7735.o(i.ST7735_DrawPixel)
    i.ST7735_DrawString                      0x000013f0   Section        0  st7735.o(i.ST7735_DrawString)
    i.ST7735_FillRect                        0x00001448   Section        0  st7735.o(i.ST7735_FillRect)
    i.ST7735_FillScreen                      0x000014f4   Section        0  st7735.o(i.ST7735_FillScreen)
    i.ST7735_InitR                           0x00001518   Section        0  st7735.o(i.ST7735_InitR)
    i.ST7735_OutChar                         0x00001594   Section        0  st7735.o(i.ST7735_OutChar)
    i.ST7735_OutString                       0x00001668   Section        0  st7735.o(i.ST7735_OutString)
    i.ST7735_OutUDec                         0x00001680   Section        0  st7735.o(i.ST7735_OutUDec)
    i.ST7735_SetCursor                       0x0000170c   Section        0  st7735.o(i.ST7735_SetCursor)
    i.Timer0A_Handler                        0x0000172c   Section        0  timer.o(i.Timer0A_Handler)
    i.Timer0B_Handler                        0x00001744   Section        0  timer.o(i.Timer0B_Handler)
    i.Timer1A_Handler                        0x00001760   Section        0  timer.o(i.Timer1A_Handler)
    i.Timer1B_Handler                        0x00001778   Section        0  timer.o(i.Timer1B_Handler)
    i.Timer2A_Handler                        0x00001794   Section        0  inputcapture.o(i.Timer2A_Handler)
    i.Timer3A_Handler                        0x000017ac   Section        0  timer.o(i.Timer3A_Handler)
    i.Timer3B_Handler                        0x000017c4   Section        0  timer.o(i.Timer3B_Handler)
    i.Timer4A_Handler                        0x000017e0   Section        0  timer.o(i.Timer4A_Handler)
    i.Timer4B_Handler                        0x000017f8   Section        0  timer.o(i.Timer4B_Handler)
    i.Timer5A_Handler                        0x00001814   Section        0  timer.o(i.Timer5A_Handler)
    i.Timer5B_Handler                        0x0000182c   Section        0  timer.o(i.Timer5B_Handler)
    i.commandList                            0x00001848   Section        0  st7735.o(i.commandList)
    commandList                              0x00001849   Thumb Code    86  st7735.o(i.commandList)
    i.commonInit                             0x000018a0   Section        0  st7735.o(i.commonInit)
    commonInit                               0x000018a1   Thumb Code   340  st7735.o(i.commonInit)
    i.fillmessage                            0x00001a24   Section        0  st7735.o(i.fillmessage)
    i.getSensorValues                        0x00001a6c   Section        0  inputoutput.o(i.getSensorValues)
    i.main                                   0x00001acc   Section        0  inputoutput.o(i.main)
    i.printSensorValues                      0x00001b34   Section        0  inputoutput.o(i.printSensorValues)
    i.pushColor                              0x00001b8c   Section        0  st7735.o(i.pushColor)
    pushColor                                0x00001b8d   Thumb Code    18  st7735.o(i.pushColor)
    i.setAddrWindow                          0x00001ba0   Section        0  st7735.o(i.setAddrWindow)
    setAddrWindow                            0x00001ba1   Thumb Code   106  st7735.o(i.setAddrWindow)
    i.writecommand                           0x00001c14   Section        0  st7735.o(i.writecommand)
    writecommand                             0x00001c15   Thumb Code    40  st7735.o(i.writecommand)
    i.writedata                              0x00001c44   Section        0  st7735.o(i.writedata)
    writedata                                0x00001c45   Thumb Code    24  st7735.o(i.writedata)
    .constdata                               0x00001c64   Section       18  can.o(.constdata)
    g_usCANBitValues                         0x00001c64   Data          18  can.o(.constdata)
    .constdata                               0x00001c76   Section     2018  st7735.o(.constdata)
    Font                                     0x00001c76   Data        1275  st7735.o(.constdata)
    Bcmd                                     0x00002171   Data         103  st7735.o(.constdata)
    Rcmd1                                    0x000021d8   Data          59  st7735.o(.constdata)
    Rcmd2green                               0x00002213   Data          13  st7735.o(.constdata)
    Rcmd2red                                 0x00002220   Data          13  st7735.o(.constdata)
    Rcmd3                                    0x0000222d   Data          43  st7735.o(.constdata)
    .data                                    0x20000000   Section       28  inputoutput.o(.data)
    ROutput                                  0x20000010   Data           4  inputoutput.o(.data)
    LOutput                                  0x20000014   Data           4  inputoutput.o(.data)
    .data                                    0x2000001c   Section       24  adc.o(.data)
    i                                        0x20000024   Data           4  adc.o(.data)
    .data                                    0x20000034   Section       32  can0.o(.data)
    RCVData                                  0x2000004c   Data           4  can0.o(.data)
    MailFlag                                 0x20000050   Data           4  can0.o(.data)
    .data                                    0x20000054   Section        4  inputcapture.o(.data)
    .data                                    0x20000058   Section       44  st7735.o(.data)
    _width                                   0x20000062   Data           2  st7735.o(.data)
    _height                                  0x20000064   Data           2  st7735.o(.data)
    ColStart                                 0x2000006c   Data           1  st7735.o(.data)
    RowStart                                 0x2000006d   Data           1  st7735.o(.data)
    Rotation                                 0x2000006e   Data           1  st7735.o(.data)
    TabColor                                 0x2000006f   Data           1  st7735.o(.data)
    .data                                    0x20000084   Section       56  timer.o(.data)
    timerCount                               0x200000b4   Data           4  timer.o(.data)
    .bss                                     0x200000bc   Section       12  st7735.o(.bss)
    .bss                                     0x200000c8   Section       96  timer.o(.bss)
    usedTimers                               0x200000f8   Data          48  timer.o(.bss)
    .bss                                     0x20000128   Section       96  libspace.o(.bss)
    HEAP                                     0x20000188   Section        0  startup.o(HEAP)
    STACK                                    0x20000188   Section     1024  startup.o(STACK)
    HeapMem                                  0x20000188   Data           0  startup.o(HEAP)
    StackMem                                 0x20000188   Data           0  startup.o(STACK)

    Global Symbols

    Symbol Name                              Value     Ov Type        Size  Object(Section)

    BuildAttributes$$THM_ISAv4$E$P$D$K$B$S$7EM$PE$A:L22UL41UL21$X:L11$S22US41US21$IEEE1$IW$USESV6$~STKCKD$USESV7$~SHL$OSPACE$ROPI$EBA8$UX$STANDARDLIB$REQ8$PRES8$EABIv2 0x00000000   Number         0  anon$$obj.o ABSOLUTE
    __ARM_use_no_argv                        0x00000000   Number         0  inputoutput.o ABSOLUTE
    __Vectors                                0x00000000   Data           0  startup.o(RESET)
    __ARM_exceptions_init                     - Undefined Weak Reference
    __alloca_initialize                       - Undefined Weak Reference
    __cpp_initialize__aeabi_                  - Undefined Weak Reference
    __cxa_finalize                            - Undefined Weak Reference
    __rt_locale                               - Undefined Weak Reference
    __sigvec_lookup                           - Undefined Weak Reference
    _atexit_init                              - Undefined Weak Reference
    _call_atexit_fns                          - Undefined Weak Reference
    _clock_init                               - Undefined Weak Reference
    _fp_trap_init                             - Undefined Weak Reference
    _fp_trap_shutdown                         - Undefined Weak Reference
    _get_lc_collate                           - Undefined Weak Reference
    _get_lc_ctype                             - Undefined Weak Reference
    _get_lc_monetary                          - Undefined Weak Reference
    _get_lc_numeric                           - Undefined Weak Reference
    _get_lc_time                              - Undefined Weak Reference
    _getenv_init                              - Undefined Weak Reference
    _handle_redirection                       - Undefined Weak Reference
    _init_alloc                               - Undefined Weak Reference
    _init_user_alloc                          - Undefined Weak Reference
    _initio                                   - Undefined Weak Reference
    _rand_init                                - Undefined Weak Reference
    _signal_finish                            - Undefined Weak Reference
    _signal_init                              - Undefined Weak Reference
    _terminate_alloc                          - Undefined Weak Reference
    _terminate_user_alloc                     - Undefined Weak Reference
    _terminateio                              - Undefined Weak Reference
    Reset_Handler                            0x0000026d   Thumb Code     0  startup.o(RESET)
    NMI_Handler                              0x00000271   Thumb Code     2  startup.o(RESET)
    HardFault_Handler                        0x00000273   Thumb Code     2  startup.o(RESET)
    MemManage_Handler                        0x00000275   Thumb Code     2  startup.o(RESET)
    BusFault_Handler                         0x00000277   Thumb Code     2  startup.o(RESET)
    UsageFault_Handler                       0x00000279   Thumb Code     2  startup.o(RESET)
    SVC_Handler                              0x0000027b   Thumb Code     2  startup.o(RESET)
    DebugMon_Handler                         0x0000027d   Thumb Code     2  startup.o(RESET)
    PendSV_Handler                           0x0000027f   Thumb Code     2  startup.o(RESET)
    SysTick_Handler                          0x00000281   Thumb Code     2  startup.o(RESET)
    ADC0Seq0_Handler                         0x00000283   Thumb Code     0  startup.o(RESET)
    ADC0Seq1_Handler                         0x00000283   Thumb Code     0  startup.o(RESET)
    ADC0Seq2_Handler                         0x00000283   Thumb Code     0  startup.o(RESET)
    ADC1Seq0_Handler                         0x00000283   Thumb Code     0  startup.o(RESET)
    ADC1Seq1_Handler                         0x00000283   Thumb Code     0  startup.o(RESET)
    ADC1Seq2_Handler                         0x00000283   Thumb Code     0  startup.o(RESET)
    ADC1Seq3_Handler                         0x00000283   Thumb Code     0  startup.o(RESET)
    CAN1_Handler                             0x00000283   Thumb Code     0  startup.o(RESET)
    CAN2_Handler                             0x00000283   Thumb Code     0  startup.o(RESET)
    Comp0_Handler                            0x00000283   Thumb Code     0  startup.o(RESET)
    Comp1_Handler                            0x00000283   Thumb Code     0  startup.o(RESET)
    Comp2_Handler                            0x00000283   Thumb Code     0  startup.o(RESET)
    Ethernet_Handler                         0x00000283   Thumb Code     0  startup.o(RESET)
    ExtBus_Handler                           0x00000283   Thumb Code     0  startup.o(RESET)
    FPU_Handler                              0x00000283   Thumb Code     0  startup.o(RESET)
    Fan0_Handler                             0x00000283   Thumb Code     0  startup.o(RESET)
    FlashCtl_Handler                         0x00000283   Thumb Code     0  startup.o(RESET)
    GPIOPortA_Handler                        0x00000283   Thumb Code     0  startup.o(RESET)
    GPIOPortB_Handler                        0x00000283   Thumb Code     0  startup.o(RESET)
    GPIOPortC_Handler                        0x00000283   Thumb Code     0  startup.o(RESET)
    GPIOPortD_Handler                        0x00000283   Thumb Code     0  startup.o(RESET)
    GPIOPortE_Handler                        0x00000283   Thumb Code     0  startup.o(RESET)
    GPIOPortF_Handler                        0x00000283   Thumb Code     0  startup.o(RESET)
    GPIOPortG_Handler                        0x00000283   Thumb Code     0  startup.o(RESET)
    GPIOPortH_Handler                        0x00000283   Thumb Code     0  startup.o(RESET)
    GPIOPortJ_Handler                        0x00000283   Thumb Code     0  startup.o(RESET)
    GPIOPortK_Handler                        0x00000283   Thumb Code     0  startup.o(RESET)
    GPIOPortL_Handler                        0x00000283   Thumb Code     0  startup.o(RESET)
    GPIOPortM_Handler                        0x00000283   Thumb Code     0  startup.o(RESET)
    GPIOPortN_Handler                        0x00000283   Thumb Code     0  startup.o(RESET)
    GPIOPortP1_Handler                       0x00000283   Thumb Code     0  startup.o(RESET)
    GPIOPortP2_Handler                       0x00000283   Thumb Code     0  startup.o(RESET)
    GPIOPortP3_Handler                       0x00000283   Thumb Code     0  startup.o(RESET)
    GPIOPortP4_Handler                       0x00000283   Thumb Code     0  startup.o(RESET)
    GPIOPortP5_Handler                       0x00000283   Thumb Code     0  startup.o(RESET)
    GPIOPortP6_Handler                       0x00000283   Thumb Code     0  startup.o(RESET)
    GPIOPortP7_Handler                       0x00000283   Thumb Code     0  startup.o(RESET)
    GPIOPortP_Handler                        0x00000283   Thumb Code     0  startup.o(RESET)
    GPIOPortQ1_Handler                       0x00000283   Thumb Code     0  startup.o(RESET)
    GPIOPortQ2_Handler                       0x00000283   Thumb Code     0  startup.o(RESET)
    GPIOPortQ3_Handler                       0x00000283   Thumb Code     0  startup.o(RESET)
    GPIOPortQ4_Handler                       0x00000283   Thumb Code     0  startup.o(RESET)
    GPIOPortQ5_Handler                       0x00000283   Thumb Code     0  startup.o(RESET)
    GPIOPortQ6_Handler                       0x00000283   Thumb Code     0  startup.o(RESET)
    GPIOPortQ7_Handler                       0x00000283   Thumb Code     0  startup.o(RESET)
    GPIOPortQ_Handler                        0x00000283   Thumb Code     0  startup.o(RESET)
    GPIOPortR_Handler                        0x00000283   Thumb Code     0  startup.o(RESET)
    GPIOPortS_Handler                        0x00000283   Thumb Code     0  startup.o(RESET)
    Hibernate_Handler                        0x00000283   Thumb Code     0  startup.o(RESET)
    I2C0_Handler                             0x00000283   Thumb Code     0  startup.o(RESET)
    I2C1_Handler                             0x00000283   Thumb Code     0  startup.o(RESET)
    I2C2_Handler                             0x00000283   Thumb Code     0  startup.o(RESET)
    I2C3_Handler                             0x00000283   Thumb Code     0  startup.o(RESET)
    I2C4_Handler                             0x00000283   Thumb Code     0  startup.o(RESET)
    I2C5_Handler                             0x00000283   Thumb Code     0  startup.o(RESET)
    I2S0_Handler                             0x00000283   Thumb Code     0  startup.o(RESET)
    LPC0_Handler                             0x00000283   Thumb Code     0  startup.o(RESET)
    PECI0_Handler                            0x00000283   Thumb Code     0  startup.o(RESET)
    PWM0Fault_Handler                        0x00000283   Thumb Code     0  startup.o(RESET)
    PWM0Generator0_Handler                   0x00000283   Thumb Code     0  startup.o(RESET)
    PWM0Generator1_Handler                   0x00000283   Thumb Code     0  startup.o(RESET)
    PWM0Generator2_Handler                   0x00000283   Thumb Code     0  startup.o(RESET)
    PWM0Generator3_Handler                   0x00000283   Thumb Code     0  startup.o(RESET)
    PWM1Fault_Handler                        0x00000283   Thumb Code     0  startup.o(RESET)
    PWM1Generator0_Handler                   0x00000283   Thumb Code     0  startup.o(RESET)
    PWM1Generator1_Handler                   0x00000283   Thumb Code     0  startup.o(RESET)
    PWM1Generator2_Handler                   0x00000283   Thumb Code     0  startup.o(RESET)
    PWM1Generator3_Handler                   0x00000283   Thumb Code     0  startup.o(RESET)
    Quadrature0_Handler                      0x00000283   Thumb Code     0  startup.o(RESET)
    Quadrature1_Handler                      0x00000283   Thumb Code     0  startup.o(RESET)
    Quadrature2_Handler                      0x00000283   Thumb Code     0  startup.o(RESET)
    SSI0_Handler                             0x00000283   Thumb Code     0  startup.o(RESET)
    SSI1_Handler                             0x00000283   Thumb Code     0  startup.o(RESET)
    SSI2_Handler                             0x00000283   Thumb Code     0  startup.o(RESET)
    SSI3_Handler                             0x00000283   Thumb Code     0  startup.o(RESET)
    SysCtl_Handler                           0x00000283   Thumb Code     0  startup.o(RESET)
    Timer2B_Handler                          0x00000283   Thumb Code     0  startup.o(RESET)
    UART0_Handler                            0x00000283   Thumb Code     0  startup.o(RESET)
    UART1_Handler                            0x00000283   Thumb Code     0  startup.o(RESET)
    UART2_Handler                            0x00000283   Thumb Code     0  startup.o(RESET)
    UART3_Handler                            0x00000283   Thumb Code     0  startup.o(RESET)
    UART4_Handler                            0x00000283   Thumb Code     0  startup.o(RESET)
    UART5_Handler                            0x00000283   Thumb Code     0  startup.o(RESET)
    UART6_Handler                            0x00000283   Thumb Code     0  startup.o(RESET)
    UART7_Handler                            0x00000283   Thumb Code     0  startup.o(RESET)
    USB0_Handler                             0x00000283   Thumb Code     0  startup.o(RESET)
    WDT_Handler                              0x00000283   Thumb Code     0  startup.o(RESET)
    WideTimer0A_Handler                      0x00000283   Thumb Code     0  startup.o(RESET)
    WideTimer0B_Handler                      0x00000283   Thumb Code     0  startup.o(RESET)
    WideTimer1A_Handler                      0x00000283   Thumb Code     0  startup.o(RESET)
    WideTimer1B_Handler                      0x00000283   Thumb Code     0  startup.o(RESET)
    WideTimer2A_Handler                      0x00000283   Thumb Code     0  startup.o(RESET)
    WideTimer2B_Handler                      0x00000283   Thumb Code     0  startup.o(RESET)
    WideTimer3A_Handler                      0x00000283   Thumb Code     0  startup.o(RESET)
    WideTimer3B_Handler                      0x00000283   Thumb Code     0  startup.o(RESET)
    WideTimer4A_Handler                      0x00000283   Thumb Code     0  startup.o(RESET)
    WideTimer4B_Handler                      0x00000283   Thumb Code     0  startup.o(RESET)
    WideTimer5A_Handler                      0x00000283   Thumb Code     0  startup.o(RESET)
    WideTimer5B_Handler                      0x00000283   Thumb Code     0  startup.o(RESET)
    uDMA_Error                               0x00000283   Thumb Code     0  startup.o(RESET)
    uDMA_Handler                             0x00000283   Thumb Code     0  startup.o(RESET)
    __main                                   0x00000285   Thumb Code     8  __main.o(!!!main)
    __scatterload                            0x0000028d   Thumb Code     0  __scatter.o(!!!scatter)
    __scatterload_rt2                        0x0000028d   Thumb Code    44  __scatter.o(!!!scatter)
    __scatterload_rt2_thumb_only             0x0000028d   Thumb Code     0  __scatter.o(!!!scatter)
    __scatterload_null                       0x0000029b   Thumb Code     0  __scatter.o(!!!scatter)
    __scatterload_copy                       0x000002c1   Thumb Code    26  __scatter_copy.o(!!handler_copy)
    __scatterload_zeroinit                   0x000002dd   Thumb Code    28  __scatter_zi.o(!!handler_zi)
    __rt_lib_init                            0x000002f9   Thumb Code     0  libinit.o(.ARM.Collect$$libinit$$00000000)
    __rt_lib_init_alloca_1                   0x000002fb   Thumb Code     0  libinit2.o(.ARM.Collect$$libinit$$0000002C)
    __rt_lib_init_argv_1                     0x000002fb   Thumb Code     0  libinit2.o(.ARM.Collect$$libinit$$0000002A)
    __rt_lib_init_atexit_1                   0x000002fb   Thumb Code     0  libinit2.o(.ARM.Collect$$libinit$$00000019)
    __rt_lib_init_clock_1                    0x000002fb   Thumb Code     0  libinit2.o(.ARM.Collect$$libinit$$0000001F)
    __rt_lib_init_cpp_1                      0x000002fb   Thumb Code     0  libinit2.o(.ARM.Collect$$libinit$$00000030)
    __rt_lib_init_exceptions_1               0x000002fb   Thumb Code     0  libinit2.o(.ARM.Collect$$libinit$$0000002E)
    __rt_lib_init_fp_1                       0x000002fb   Thumb Code     0  libinit2.o(.ARM.Collect$$libinit$$00000002)
    __rt_lib_init_fp_trap_1                  0x000002fb   Thumb Code     0  libinit2.o(.ARM.Collect$$libinit$$0000001D)
    __rt_lib_init_getenv_1                   0x000002fb   Thumb Code     0  libinit2.o(.ARM.Collect$$libinit$$00000021)
    __rt_lib_init_heap_1                     0x000002fb   Thumb Code     0  libinit2.o(.ARM.Collect$$libinit$$00000008)
    __rt_lib_init_lc_collate_1               0x000002fb   Thumb Code     0  libinit2.o(.ARM.Collect$$libinit$$0000000F)
    __rt_lib_init_lc_ctype_1                 0x000002fb   Thumb Code     0  libinit2.o(.ARM.Collect$$libinit$$00000011)
    __rt_lib_init_lc_monetary_1              0x000002fb   Thumb Code     0  libinit2.o(.ARM.Collect$$libinit$$00000013)
    __rt_lib_init_lc_numeric_1               0x000002fb   Thumb Code     0  libinit2.o(.ARM.Collect$$libinit$$00000015)
    __rt_lib_init_lc_time_1                  0x000002fb   Thumb Code     0  libinit2.o(.ARM.Collect$$libinit$$00000017)
    __rt_lib_init_rand_1                     0x000002fb   Thumb Code     0  libinit2.o(.ARM.Collect$$libinit$$0000000C)
    __rt_lib_init_return                     0x000002fb   Thumb Code     0  libinit2.o(.ARM.Collect$$libinit$$00000031)
    __rt_lib_init_signal_1                   0x000002fb   Thumb Code     0  libinit2.o(.ARM.Collect$$libinit$$0000001B)
    __rt_lib_init_stdio_1                    0x000002fb   Thumb Code     0  libinit2.o(.ARM.Collect$$libinit$$00000023)
    __rt_lib_init_user_alloc_1               0x000002fb   Thumb Code     0  libinit2.o(.ARM.Collect$$libinit$$0000000A)
    __rt_lib_shutdown                        0x000002fd   Thumb Code     0  libshutdown.o(.ARM.Collect$$libshutdown$$00000000)
    __rt_lib_shutdown_fp_trap_1              0x000002ff   Thumb Code     0  libshutdown2.o(.ARM.Collect$$libshutdown$$00000006)
    __rt_lib_shutdown_heap_1                 0x000002ff   Thumb Code     0  libshutdown2.o(.ARM.Collect$$libshutdown$$0000000E)
    __rt_lib_shutdown_return                 0x000002ff   Thumb Code     0  libshutdown2.o(.ARM.Collect$$libshutdown$$0000000F)
    __rt_lib_shutdown_signal_1               0x000002ff   Thumb Code     0  libshutdown2.o(.ARM.Collect$$libshutdown$$00000009)
    __rt_lib_shutdown_stdio_1                0x000002ff   Thumb Code     0  libshutdown2.o(.ARM.Collect$$libshutdown$$00000003)
    __rt_lib_shutdown_user_alloc_1           0x000002ff   Thumb Code     0  libshutdown2.o(.ARM.Collect$$libshutdown$$0000000B)
    __rt_entry                               0x00000301   Thumb Code     0  rtentry.o(.ARM.Collect$$rtentry$$00000000)
    __rt_entry_presh_1                       0x00000301   Thumb Code     0  rtentry2.o(.ARM.Collect$$rtentry$$00000002)
    __rt_entry_sh                            0x00000301   Thumb Code     0  rtentry4.o(.ARM.Collect$$rtentry$$00000004)
    __rt_entry_li                            0x00000307   Thumb Code     0  rtentry2.o(.ARM.Collect$$rtentry$$0000000A)
    __rt_entry_postsh_1                      0x00000307   Thumb Code     0  rtentry2.o(.ARM.Collect$$rtentry$$00000009)
    __rt_entry_main                          0x0000030b   Thumb Code     0  rtentry2.o(.ARM.Collect$$rtentry$$0000000D)
    __rt_entry_postli_1                      0x0000030b   Thumb Code     0  rtentry2.o(.ARM.Collect$$rtentry$$0000000C)
    __rt_exit                                0x00000313   Thumb Code     0  rtexit.o(.ARM.Collect$$rtexit$$00000000)
    __rt_exit_ls                             0x00000315   Thumb Code     0  rtexit2.o(.ARM.Collect$$rtexit$$00000003)
    __rt_exit_prels_1                        0x00000315   Thumb Code     0  rtexit2.o(.ARM.Collect$$rtexit$$00000002)
    __rt_exit_exit                           0x00000319   Thumb Code     0  rtexit2.o(.ARM.Collect$$rtexit$$00000004)
    DisableInterrupts                        0x00000321   Thumb Code     0  startup.o(.text)
    EnableInterrupts                         0x00000325   Thumb Code     0  startup.o(.text)
    StartCritical                            0x00000329   Thumb Code     0  startup.o(.text)
    EndCritical                              0x00000331   Thumb Code     0  startup.o(.text)
    WaitForInterrupt                         0x00000337   Thumb Code     0  startup.o(.text)
    __user_initial_stackheap                 0x0000033b   Thumb Code     0  startup.o(.text)
    __use_two_region_memory                  0x00000351   Thumb Code     2  heapauxi.o(.text)
    __rt_heap_escrow$2region                 0x00000353   Thumb Code     2  heapauxi.o(.text)
    __rt_heap_expand$2region                 0x00000355   Thumb Code     2  heapauxi.o(.text)
    __user_setup_stackheap                   0x00000357   Thumb Code    74  sys_stackheap_outer.o(.text)
    exit                                     0x000003a1   Thumb Code    12  exit.o(.text)
    __user_libspace                          0x000003ad   Thumb Code     8  libspace.o(.text)
    __user_perproc_libspace                  0x000003ad   Thumb Code     0  libspace.o(.text)
    __user_perthread_libspace                0x000003ad   Thumb Code     0  libspace.o(.text)
    _sys_exit                                0x000003b5   Thumb Code     8  sys_exit.o(.text)
    __I$use$semihosting                      0x000003c1   Thumb Code     0  use_no_semi.o(.text)
    __use_no_semihosting_swi                 0x000003c1   Thumb Code     2  use_no_semi.o(.text)
    __semihosting_library_function           0x000003c3   Thumb Code     0  indicate_semi.o(.text)
    ADC0Seq3_Handler                         0x000003c5   Thumb Code    32  adc.o(i.ADC0Seq3_Handler)
    CAN0_Handler                             0x000003f1   Thumb Code   300  can0.o(i.CAN0_Handler)
    CAN0_Open                                0x00000539   Thumb Code   300  can0.o(i.CAN0_Open)
    CANBitRateSet                            0x000006b5   Thumb Code   142  can.o(i.CANBitRateSet)
    CANEnable                                0x000007b5   Thumb Code    24  can.o(i.CANEnable)
    CANInit                                  0x000007cd   Thumb Code   148  can.o(i.CANInit)
    CANIntClear                              0x00000861   Thumb Code    76  can.o(i.CANIntClear)
    CANIntEnable                             0x000008ad   Thumb Code    26  can.o(i.CANIntEnable)
    CANIntStatus                             0x000008f9   Thumb Code    60  can.o(i.CANIntStatus)
    CANMessageGet                            0x00000935   Thumb Code   434  can.o(i.CANMessageGet)
    CANMessageSet                            0x00000ae7   Thumb Code   434  can.o(i.CANMessageSet)
    CANStatusGet                             0x00000d01   Thumb Code   124  can.o(i.CANStatusGet)
    ControlMotors                            0x00000d7d   Thumb Code    96  pwm.o(i.ControlMotors)
    Delay1ms                                 0x00000de1   Thumb Code    32  st7735.o(i.Delay1ms)
    GPIO_PortF_Init                          0x00000e01   Thumb Code    80  pwm.o(i.GPIO_PortF_Init)
    InitMotorDirection                       0x00000e61   Thumb Code    12  pwm.o(i.InitMotorDirection)
    InitMotors                               0x00000e6d   Thumb Code    36  pwm.o(i.InitMotors)
    IntDisable                               0x00000e91   Thumb Code   116  interrupt.o(i.IntDisable)
    IntEnable                                0x00000f11   Thumb Code   116  interrupt.o(i.IntEnable)
    LeftMotorBackward                        0x00000f91   Thumb Code    30  pwm.o(i.LeftMotorBackward)
    LeftMotorForward                         0x00000fb9   Thumb Code    30  pwm.o(i.LeftMotorForward)
    Output_Init                              0x00000fe1   Thumb Code    16  st7735.o(i.Output_Init)
    PLL_Init                                 0x00000ff1   Thumb Code   118  pll.o(i.PLL_Init)
    PWM0A_Duty                               0x0000106d   Thumb Code     8  pwm.o(i.PWM0A_Duty)
    PWM0A_Init                               0x00001079   Thumb Code   158  pwm.o(i.PWM0A_Init)
    PWM0B_Duty                               0x00001131   Thumb Code     8  pwm.o(i.PWM0B_Duty)
    PWM0B_Init                               0x0000113d   Thumb Code   168  pwm.o(i.PWM0B_Init)
    PortB_Init                               0x000011f9   Thumb Code    78  pwm.o(i.PortB_Init)
    RightMotorBackward                       0x00001265   Thumb Code    30  pwm.o(i.RightMotorBackward)
    RightMotorForward                        0x0000128d   Thumb Code    30  pwm.o(i.RightMotorForward)
    ST7735_DrawCharS                         0x000012b5   Thumb Code   232  st7735.o(i.ST7735_DrawCharS)
    ST7735_DrawPixel                         0x000013a9   Thumb Code    64  st7735.o(i.ST7735_DrawPixel)
    ST7735_DrawString                        0x000013f1   Thumb Code    86  st7735.o(i.ST7735_DrawString)
    ST7735_FillRect                          0x00001449   Thumb Code   164  st7735.o(i.ST7735_FillRect)
    ST7735_FillScreen                        0x000014f5   Thumb Code    28  st7735.o(i.ST7735_FillScreen)
    ST7735_InitR                             0x00001519   Thumb Code    90  st7735.o(i.ST7735_InitR)
    ST7735_OutChar                           0x00001595   Thumb Code   176  st7735.o(i.ST7735_OutChar)
    ST7735_OutString                         0x00001669   Thumb Code    24  st7735.o(i.ST7735_OutString)
    ST7735_OutUDec                           0x00001681   Thumb Code   118  st7735.o(i.ST7735_OutUDec)
    ST7735_SetCursor                         0x0000170d   Thumb Code    22  st7735.o(i.ST7735_SetCursor)
    Timer0A_Handler                          0x0000172d   Thumb Code    16  timer.o(i.Timer0A_Handler)
    Timer0B_Handler                          0x00001745   Thumb Code    18  timer.o(i.Timer0B_Handler)
    Timer1A_Handler                          0x00001761   Thumb Code    16  timer.o(i.Timer1A_Handler)
    Timer1B_Handler                          0x00001779   Thumb Code    18  timer.o(i.Timer1B_Handler)
    Timer2A_Handler                          0x00001795   Thumb Code    16  inputcapture.o(i.Timer2A_Handler)
    Timer3A_Handler                          0x000017ad   Thumb Code    16  timer.o(i.Timer3A_Handler)
    Timer3B_Handler                          0x000017c5   Thumb Code    18  timer.o(i.Timer3B_Handler)
    Timer4A_Handler                          0x000017e1   Thumb Code    16  timer.o(i.Timer4A_Handler)
    Timer4B_Handler                          0x000017f9   Thumb Code    18  timer.o(i.Timer4B_Handler)
    Timer5A_Handler                          0x00001815   Thumb Code    16  timer.o(i.Timer5A_Handler)
    Timer5B_Handler                          0x0000182d   Thumb Code    18  timer.o(i.Timer5B_Handler)
    fillmessage                              0x00001a25   Thumb Code    64  st7735.o(i.fillmessage)
    getSensorValues                          0x00001a6d   Thumb Code    58  inputoutput.o(i.getSensorValues)
    main                                     0x00001acd   Thumb Code    90  inputoutput.o(i.main)
    printSensorValues                        0x00001b35   Thumb Code    72  inputoutput.o(i.printSensorValues)
    dBfs                                     0x00002258   Data         512  st7735.o(.constdata)
    Region$$Table$$Base                      0x00002458   Number         0  anon$$obj.o(Region$$Table)
    Region$$Table$$Limit                     0x00002478   Number         0  anon$$obj.o(Region$$Table)
    Ping1                                    0x20000000   Data           4  inputoutput.o(.data)
    Ping2                                    0x20000004   Data           4  inputoutput.o(.data)
    Ping3                                    0x20000008   Data           4  inputoutput.o(.data)
    Ping4                                    0x2000000c   Data           4  inputoutput.o(.data)
    i                                        0x20000018   Data           4  inputoutput.o(.data)
    NumberOfSamples                          0x2000001c   Data           4  adc.o(.data)
    Status                                   0x20000020   Data           4  adc.o(.data)
    ADC_Task                                 0x20000028   Data           4  adc.o(.data)
    Buffer                                   0x2000002c   Data           4  adc.o(.data)
    ADCvalue                                 0x20000030   Data           4  adc.o(.data)
    button1Pressed                           0x20000034   Data           4  can0.o(.data)
    button2Pressed                           0x20000038   Data           4  can0.o(.data)
    Mailbox                                  0x2000003c   Data           4  can0.o(.data)
    Mailbox2                                 0x20000040   Data           4  can0.o(.data)
    Mailbox3                                 0x20000044   Data           4  can0.o(.data)
    Mailbox4                                 0x20000048   Data           4  can0.o(.data)
    PeriodicTask1                            0x20000054   Data           4  inputcapture.o(.data)
    StX                                      0x20000058   Data           4  st7735.o(.data)
    StY                                      0x2000005c   Data           4  st7735.o(.data)
    StTextColor                              0x20000060   Data           2  st7735.o(.data)
    lastj                                    0x20000068   Data           4  st7735.o(.data)
    Messageindex                             0x20000070   Data           4  st7735.o(.data)
    Ymax                                     0x20000074   Data           4  st7735.o(.data)
    Ymin                                     0x20000078   Data           4  st7735.o(.data)
    X                                        0x2000007c   Data           4  st7735.o(.data)
    Yrange                                   0x20000080   Data           4  st7735.o(.data)
    timerCtrlBuf                             0x20000084   Data          48  timer.o(.data)
    PeriodicTask                             0x200000b8   Data           4  timer.o(.data)
    Message                                  0x200000bc   Data          12  st7735.o(.bss)
    HandlerTaskArray                         0x200000c8   Data          48  timer.o(.bss)
    __libspace_start                         0x20000128   Data          96  libspace.o(.bss)
    __temporary_stack_top$libspace           0x20000188   Data           0  libspace.o(.bss)



==============================================================================

Memory Map of the image

  Image Entry point : 0x0000026d

  Load Region LR_1 (Base: 0x00000000, Size: 0x00002534, Max: 0xffffffff, ABSOLUTE)

    Execution Region ER_RO (Base: 0x00000000, Size: 0x00002478, Max: 0xffffffff, ABSOLUTE)

    Base Addr    Size         Type   Attr      Idx    E Section Name        Object

    0x00000000   0x00000284   Code   RO            3  * RESET               startup.o
    0x00000284   0x00000008   Code   RO          970  * !!!main             c_w.l(__main.o)
    0x0000028c   0x00000034   Code   RO         1124    !!!scatter          c_w.l(__scatter.o)
    0x000002c0   0x0000001a   Code   RO         1126    !!handler_copy      c_w.l(__scatter_copy.o)
    0x000002da   0x00000002   PAD
    0x000002dc   0x0000001c   Code   RO         1128    !!handler_zi        c_w.l(__scatter_zi.o)
    0x000002f8   0x00000002   Code   RO          997    .ARM.Collect$$libinit$$00000000  c_w.l(libinit.o)
    0x000002fa   0x00000000   Code   RO         1004    .ARM.Collect$$libinit$$00000002  c_w.l(libinit2.o)
    0x000002fa   0x00000000   Code   RO         1007    .ARM.Collect$$libinit$$00000008  c_w.l(libinit2.o)
    0x000002fa   0x00000000   Code   RO         1009    .ARM.Collect$$libinit$$0000000A  c_w.l(libinit2.o)
    0x000002fa   0x00000000   Code   RO         1011    .ARM.Collect$$libinit$$0000000C  c_w.l(libinit2.o)
    0x000002fa   0x00000000   Code   RO         1014    .ARM.Collect$$libinit$$0000000F  c_w.l(libinit2.o)
    0x000002fa   0x00000000   Code   RO         1016    .ARM.Collect$$libinit$$00000011  c_w.l(libinit2.o)
    0x000002fa   0x00000000   Code   RO         1018    .ARM.Collect$$libinit$$00000013  c_w.l(libinit2.o)
    0x000002fa   0x00000000   Code   RO         1020    .ARM.Collect$$libinit$$00000015  c_w.l(libinit2.o)
    0x000002fa   0x00000000   Code   RO         1022    .ARM.Collect$$libinit$$00000017  c_w.l(libinit2.o)
    0x000002fa   0x00000000   Code   RO         1024    .ARM.Collect$$libinit$$00000019  c_w.l(libinit2.o)
    0x000002fa   0x00000000   Code   RO         1026    .ARM.Collect$$libinit$$0000001B  c_w.l(libinit2.o)
    0x000002fa   0x00000000   Code   RO         1028    .ARM.Collect$$libinit$$0000001D  c_w.l(libinit2.o)
    0x000002fa   0x00000000   Code   RO         1030    .ARM.Collect$$libinit$$0000001F  c_w.l(libinit2.o)
    0x000002fa   0x00000000   Code   RO         1032    .ARM.Collect$$libinit$$00000021  c_w.l(libinit2.o)
    0x000002fa   0x00000000   Code   RO         1034    .ARM.Collect$$libinit$$00000023  c_w.l(libinit2.o)
    0x000002fa   0x00000000   Code   RO         1038    .ARM.Collect$$libinit$$0000002A  c_w.l(libinit2.o)
    0x000002fa   0x00000000   Code   RO         1040    .ARM.Collect$$libinit$$0000002C  c_w.l(libinit2.o)
    0x000002fa   0x00000000   Code   RO         1042    .ARM.Collect$$libinit$$0000002E  c_w.l(libinit2.o)
    0x000002fa   0x00000000   Code   RO         1044    .ARM.Collect$$libinit$$00000030  c_w.l(libinit2.o)
    0x000002fa   0x00000002   Code   RO         1045    .ARM.Collect$$libinit$$00000031  c_w.l(libinit2.o)
    0x000002fc   0x00000002   Code   RO         1065    .ARM.Collect$$libshutdown$$00000000  c_w.l(libshutdown.o)
    0x000002fe   0x00000000   Code   RO         1079    .ARM.Collect$$libshutdown$$00000003  c_w.l(libshutdown2.o)
    0x000002fe   0x00000000   Code   RO         1082    .ARM.Collect$$libshutdown$$00000006  c_w.l(libshutdown2.o)
    0x000002fe   0x00000000   Code   RO         1085    .ARM.Collect$$libshutdown$$00000009  c_w.l(libshutdown2.o)
    0x000002fe   0x00000000   Code   RO         1087    .ARM.Collect$$libshutdown$$0000000B  c_w.l(libshutdown2.o)
    0x000002fe   0x00000000   Code   RO         1090    .ARM.Collect$$libshutdown$$0000000E  c_w.l(libshutdown2.o)
    0x000002fe   0x00000002   Code   RO         1091    .ARM.Collect$$libshutdown$$0000000F  c_w.l(libshutdown2.o)
    0x00000300   0x00000000   Code   RO          972    .ARM.Collect$$rtentry$$00000000  c_w.l(rtentry.o)
    0x00000300   0x00000000   Code   RO          974    .ARM.Collect$$rtentry$$00000002  c_w.l(rtentry2.o)
    0x00000300   0x00000006   Code   RO          986    .ARM.Collect$$rtentry$$00000004  c_w.l(rtentry4.o)
    0x00000306   0x00000000   Code   RO          976    .ARM.Collect$$rtentry$$00000009  c_w.l(rtentry2.o)
    0x00000306   0x00000004   Code   RO          977    .ARM.Collect$$rtentry$$0000000A  c_w.l(rtentry2.o)
    0x0000030a   0x00000000   Code   RO          979    .ARM.Collect$$rtentry$$0000000C  c_w.l(rtentry2.o)
    0x0000030a   0x00000008   Code   RO          980    .ARM.Collect$$rtentry$$0000000D  c_w.l(rtentry2.o)
    0x00000312   0x00000002   Code   RO         1001    .ARM.Collect$$rtexit$$00000000  c_w.l(rtexit.o)
    0x00000314   0x00000000   Code   RO         1047    .ARM.Collect$$rtexit$$00000002  c_w.l(rtexit2.o)
    0x00000314   0x00000004   Code   RO         1048    .ARM.Collect$$rtexit$$00000003  c_w.l(rtexit2.o)
    0x00000318   0x00000006   Code   RO         1049    .ARM.Collect$$rtexit$$00000004  c_w.l(rtexit2.o)
    0x0000031e   0x00000002   PAD
    0x00000320   0x00000030   Code   RO            4    .text               startup.o
    0x00000350   0x00000006   Code   RO          968    .text               c_w.l(heapauxi.o)
    0x00000356   0x0000004a   Code   RO          988    .text               c_w.l(sys_stackheap_outer.o)
    0x000003a0   0x0000000c   Code   RO          990    .text               c_w.l(exit.o)
    0x000003ac   0x00000008   Code   RO          998    .text               c_w.l(libspace.o)
    0x000003b4   0x0000000c   Code   RO         1057    .text               c_w.l(sys_exit.o)
    0x000003c0   0x00000002   Code   RO         1068    .text               c_w.l(use_no_semi.o)
    0x000003c2   0x00000000   Code   RO         1070    .text               c_w.l(indicate_semi.o)
    0x000003c2   0x00000002   PAD
    0x000003c4   0x0000002c   Code   RO           65    i.ADC0Seq3_Handler  adc.o
    0x000003f0   0x00000148   Code   RO          108    i.CAN0_Handler      can0.o
    0x00000538   0x0000014c   Code   RO          109    i.CAN0_Open         can0.o
    0x00000684   0x00000030   Code   RO          111    i.CAN0_Setup_Message_Object  can0.o
    0x000006b4   0x00000094   Code   RO          179    i.CANBitRateSet     can.o
    0x00000748   0x00000036   Code   RO          180    i.CANDataRegRead    can.o
    0x0000077e   0x00000036   Code   RO          181    i.CANDataRegWrite   can.o
    0x000007b4   0x00000018   Code   RO          183    i.CANEnable         can.o
    0x000007cc   0x00000094   Code   RO          185    i.CANInit           can.o
    0x00000860   0x0000004c   Code   RO          186    i.CANIntClear       can.o
    0x000008ac   0x0000001a   Code   RO          188    i.CANIntEnable      can.o
    0x000008c6   0x00000002   PAD
    0x000008c8   0x00000030   Code   RO          189    i.CANIntNumberGet   can.o
    0x000008f8   0x0000003c   Code   RO          191    i.CANIntStatus      can.o
    0x00000934   0x000001b2   Code   RO          194    i.CANMessageGet     can.o
    0x00000ae6   0x000001b2   Code   RO          195    i.CANMessageSet     can.o
    0x00000c98   0x00000050   Code   RO          196    i.CANRegRead        can.o
    0x00000ce8   0x00000018   Code   RO          197    i.CANRegWrite       can.o
    0x00000d00   0x0000007c   Code   RO          200    i.CANStatusGet      can.o
    0x00000d7c   0x00000064   Code   RO          452    i.ControlMotors     pwm.o
    0x00000de0   0x00000020   Code   RO          536    i.Delay1ms          st7735.o
    0x00000e00   0x00000060   Code   RO          453    i.GPIO_PortF_Init   pwm.o
    0x00000e60   0x0000000c   Code   RO          454    i.InitMotorDirection  pwm.o
    0x00000e6c   0x00000024   Code   RO          455    i.InitMotors        pwm.o
    0x00000e90   0x00000080   Code   RO          339    i.IntDisable        interrupt.o
    0x00000f10   0x00000080   Code   RO          340    i.IntEnable         interrupt.o
    0x00000f90   0x00000028   Code   RO          456    i.LeftMotorBackward  pwm.o
    0x00000fb8   0x00000028   Code   RO          457    i.LeftMotorForward  pwm.o
    0x00000fe0   0x00000010   Code   RO          539    i.Output_Init       st7735.o
    0x00000ff0   0x0000007c   Code   RO          440    i.PLL_Init          pll.o
    0x0000106c   0x0000000c   Code   RO          458    i.PWM0A_Duty        pwm.o
    0x00001078   0x000000b8   Code   RO          459    i.PWM0A_Init        pwm.o
    0x00001130   0x0000000c   Code   RO          460    i.PWM0B_Duty        pwm.o
    0x0000113c   0x000000bc   Code   RO          461    i.PWM0B_Init        pwm.o
    0x000011f8   0x0000006c   Code   RO          462    i.PortB_Init        pwm.o
    0x00001264   0x00000028   Code   RO          463    i.RightMotorBackward  pwm.o
    0x0000128c   0x00000028   Code   RO          464    i.RightMotorForward  pwm.o
    0x000012b4   0x000000f4   Code   RO          545    i.ST7735_DrawCharS  st7735.o
    0x000013a8   0x00000048   Code   RO          548    i.ST7735_DrawPixel  st7735.o
    0x000013f0   0x00000056   Code   RO          549    i.ST7735_DrawString  st7735.o
    0x00001446   0x00000002   PAD
    0x00001448   0x000000ac   Code   RO          550    i.ST7735_FillRect   st7735.o
    0x000014f4   0x00000024   Code   RO          551    i.ST7735_FillScreen  st7735.o
    0x00001518   0x0000007c   Code   RO          553    i.ST7735_InitR      st7735.o
    0x00001594   0x000000d4   Code   RO          555    i.ST7735_OutChar    st7735.o
    0x00001668   0x00000018   Code   RO          556    i.ST7735_OutString  st7735.o
    0x00001680   0x0000008c   Code   RO          557    i.ST7735_OutUDec    st7735.o
    0x0000170c   0x00000020   Code   RO          566    i.ST7735_SetCursor  st7735.o
    0x0000172c   0x00000018   Code   RO          818    i.Timer0A_Handler   timer.o
    0x00001744   0x0000001c   Code   RO          819    i.Timer0B_Handler   timer.o
    0x00001760   0x00000018   Code   RO          820    i.Timer1A_Handler   timer.o
    0x00001778   0x0000001c   Code   RO          821    i.Timer1B_Handler   timer.o
    0x00001794   0x00000018   Code   RO          317    i.Timer2A_Handler   inputcapture.o
    0x000017ac   0x00000018   Code   RO          822    i.Timer3A_Handler   timer.o
    0x000017c4   0x0000001c   Code   RO          823    i.Timer3B_Handler   timer.o
    0x000017e0   0x00000018   Code   RO          825    i.Timer4A_Handler   timer.o
    0x000017f8   0x0000001c   Code   RO          826    i.Timer4B_Handler   timer.o
    0x00001814   0x00000018   Code   RO          827    i.Timer5A_Handler   timer.o
    0x0000182c   0x0000001c   Code   RO          828    i.Timer5B_Handler   timer.o
    0x00001848   0x00000056   Code   RO          570    i.commandList       st7735.o
    0x0000189e   0x00000002   PAD
    0x000018a0   0x00000184   Code   RO          571    i.commonInit        st7735.o
    0x00001a24   0x00000048   Code   RO          574    i.fillmessage       st7735.o
    0x00001a6c   0x00000060   Code   RO           12    i.getSensorValues   inputoutput.o
    0x00001acc   0x00000068   Code   RO           13    i.main              inputoutput.o
    0x00001b34   0x00000058   Code   RO           14    i.printSensorValues  inputoutput.o
    0x00001b8c   0x00000012   Code   RO          576    i.pushColor         st7735.o
    0x00001b9e   0x00000002   PAD
    0x00001ba0   0x00000074   Code   RO          577    i.setAddrWindow     st7735.o
    0x00001c14   0x00000030   Code   RO          578    i.writecommand      st7735.o
    0x00001c44   0x00000020   Code   RO          579    i.writedata         st7735.o
    0x00001c64   0x00000012   Data   RO          201    .constdata          can.o
    0x00001c76   0x000007e2   Data   RO          581    .constdata          st7735.o
    0x00002458   0x00000020   Data   RO         1122    Region$$Table       anon$$obj.o


    Execution Region ER_RW (Base: 0x20000000, Size: 0x000000bc, Max: 0xffffffff, ABSOLUTE)

    Base Addr    Size         Type   Attr      Idx    E Section Name        Object

    0x20000000   0x0000001c   Data   RW           15    .data               inputoutput.o
    0x2000001c   0x00000018   Data   RW           70    .data               adc.o
    0x20000034   0x00000020   Data   RW          112    .data               can0.o
    0x20000054   0x00000004   Data   RW          319    .data               inputcapture.o
    0x20000058   0x0000002c   Data   RW          582    .data               st7735.o
    0x20000084   0x00000038   Data   RW          830    .data               timer.o


    Execution Region ER_ZI (Base: 0x200000bc, Size: 0x000004cc, Max: 0xffffffff, ABSOLUTE)

    Base Addr    Size         Type   Attr      Idx    E Section Name        Object

    0x200000bc   0x0000000c   Zero   RW          580    .bss                st7735.o
    0x200000c8   0x00000060   Zero   RW          829    .bss                timer.o
    0x20000128   0x00000060   Zero   RW          999    .bss                c_w.l(libspace.o)
    0x20000188   0x00000000   Zero   RW            2    HEAP                startup.o
    0x20000188   0x00000400   Zero   RW            1    STACK               startup.o


==============================================================================

Image component sizes


      Code (inc. data)   RO Data    RW Data    ZI Data      Debug   Object Name

        44         12          0         24          0       1914   adc.o
      1734         20         18          0          0       9297   can.o
       708         64          0         32          0       7002   can0.o
        24          8          0          4          0       1062   inputcapture.o
       288         68          0         28          0       6217   inputoutput.o
       256         24          0          0          0        921   interrupt.o
       124          6          0          0          0        359   pll.o
       908        144          0          0          0       5025   pwm.o
      1950        220       2018         44         12      12495   st7735.o
       692        632          0          0       1024        860   startup.o
       260         90          0         56         96       4193   timer.o

    ----------------------------------------------------------------------
      6996       1288       2068        188       1132      49345   Object Totals
         0          0         32          0          0          0   (incl. Generated)
         8          0          0          0          0          0   (incl. Padding)

    ----------------------------------------------------------------------

      Code (inc. data)   RO Data    RW Data    ZI Data      Debug   Library Member Name

         8          0          0          0          0         68   __main.o
        52          8          0          0          0          0   __scatter.o
        26          0          0          0          0          0   __scatter_copy.o
        28          0          0          0          0          0   __scatter_zi.o
        12          0          0          0          0         72   exit.o
         6          0          0          0          0        152   heapauxi.o
         0          0          0          0          0          0   indicate_semi.o
         2          0          0          0          0          0   libinit.o
         2          0          0          0          0          0   libinit2.o
         2          0          0          0          0          0   libshutdown.o
         2          0          0          0          0          0   libshutdown2.o
         8          4          0          0         96         68   libspace.o
         0          0          0          0          0          0   rtentry.o
        12          0          0          0          0          0   rtentry2.o
         6          0          0          0          0          0   rtentry4.o
         2          0          0          0          0          0   rtexit.o
        10          0          0          0          0          0   rtexit2.o
        12          4          0          0          0         68   sys_exit.o
        74          0          0          0          0         80   sys_stackheap_outer.o
         2          0          0          0          0         68   use_no_semi.o

    ----------------------------------------------------------------------
       272         16          0          0         96        576   Library Totals
         6          0          0          0          0          0   (incl. Padding)

    ----------------------------------------------------------------------

      Code (inc. data)   RO Data    RW Data    ZI Data      Debug   Library Name

       266         16          0          0         96        576   c_w.l

    ----------------------------------------------------------------------
       272         16          0          0         96        576   Library Totals

    ----------------------------------------------------------------------

==============================================================================


      Code (inc. data)   RO Data    RW Data    ZI Data      Debug   

      7268       1304       2068        188       1228      46281   Grand Totals
      7268       1304       2068        188       1228      46281   ELF Image Totals
      7268       1304       2068        188          0          0   ROM Totals

==============================================================================

    Total RO  Size (Code + RO Data)                 9336 (   9.12kB)
    Total RW  Size (RW Data + ZI Data)              1416 (   1.38kB)
    Total ROM Size (Code + RO Data + RW Data)       9524 (   9.30kB)

==============================================================================

