<html>
<body>
<pre>
<h1>µVision Build Log</h1>
<h2>Project:</h2>
C:\RTOS-robot\InputOutput_4C123\InputOutput.uvproj
Project File Date:  05/05/2015

<h2>Output:</h2>
Build target 'InputOutput'
compiling InputOutput.c...
InputOutput.c(12): warning:  #177-D: variable "ROutput" was declared but never referenced
  static uint32_t ROutput, LOutput;
InputOutput.c(12): warning:  #177-D: variable "LOutput" was declared but never referenced
  static uint32_t ROutput, LOutput;
InputOutput.c: 2 warnings, 0 errors
linking...
Program Size: Code=9668 RO-data=2052 RW-data=364 ZI-data=1132  
".\InputOutput.axf" - 0 Error(s), 2 Warning(s).
Load "C:\\RTOS-robot\\InputOutput_4C123\\InputOutput.axf" 
Connecting: Mode=JTAG, Speed=1000000Hz
Erase Done.
Programming Done.
Verify OK.
</pre>
</body>
</html>
iling PWM.c...
PWM.c(37): warning:  #550-D: variable "delay" was set but never used
        unsigned long delay;
PWM.c: 1 warning, 0 errors
compiling ST7735.c...
compiling fixedpointmath.c...
linking...
Program Size: Code=9668 RO-data=2052 RW-data=364 ZI-data=1132  
".\InputOutput.axf" - 0 Error(s), 4 Warning(s).
Load "C:\\RTOS-robot\\InputOutput_4C123\\InputOutput.axf" 
Connecting: Mode=JTAG, Speed=1000000Hz
Erase Done.
Programming Done.
Verify OK.
ash Download failed  -  Target DLL has been cancelled
Load "C:\\RTOS-robot\\InputOutput_4C123\\InputOutput.axf" 
Connecting: Mode=JTAG, Speed=1000000Hz
Erase Done.
Programming Done.
Verify OK.
(by timer.o and inputcapture.o).
.\InputOutput.axf: Error: L6200E: Symbol Timer1A_Handler multiply defined (by timer.o and inputcapture.o).
.\InputOutput.axf: Error: L6200E: Symbol Timer1B_Handler multiply defined (by timer.o and inputcapture.o).
.\InputOutput.axf: Error: L6200E: Symbol Timer3A_Handler multiply defined (by timer.o and inputcapture.o).
.\InputOutput.axf: Error: L6200E: Symbol Timer3B_Handler multiply defined (by timer.o and inputcapture.o).
.\InputOutput.axf: Error: L6200E: Symbol Timer4A_Handler multiply defined (by timer.o and inputcapture.o).
.\InputOutput.axf: Error: L6200E: Symbol Timer5A_Handler multiply defined (by timer.o and inputoutput.o).
.\InputOutput.axf: Error: L6200E: Symbol PeriodicTask multiply defined (by timer.o and inputcapture.o).
Not enough information to list image symbols.
Not enough information to list the image map.
Finished: 2 information, 0 warning and 9 error messages.
".\InputOutput.axf" - 9 Error(s), 6 Warning(s).
Target not created
