<html>
<body>
<pre>
<h1>µVision Build Log</h1>
<h2>Project:</h2>
E:\Dropbox\ArmBook\LaunchPad\LaunchPadware\InputOutput_4C123\InputOutput.uvproj
Project File Date:  05/23/2014

<h2>Output:</h2>
Build target 'InputOutput'
linking...
Program Size: Code=1120 RO-data=16 RW-data=0 ZI-data=1120  
".\InputOutput.axf" - 0 Errors, 0 Warning(s).
Load "E:\\Dropbox\\ArmBook\\LaunchPad\\LaunchPadware\\InputOutput_4C123\\InputOutput.axf" 
Connecting: Mode=JTAG, Speed=1000000Hz
Erase Done.
Programming Done.
Verify OK.
Clean started: Project: 'InputOutput'
   deleting intermediate output files for target 'InputOutput'
